******************************************************************************
                  TI ARM Linker PC v20.2.6                     
******************************************************************************
>> Linked Tue Jun 21 23:24:39 2022

OUTPUT FILE NAME:   <gpiointerrupt_MSP_EXP432P401R_nortos_ccs.out>
ENTRY POINT SYMBOL: "resetISR"  address: 00004631


MEMORY CONFIGURATION

         name            origin    length      used     unused   attr    fill
----------------------  --------  ---------  --------  --------  ----  --------
  MAIN                  00000000   00040000  00004bda  0003b426  R  X
  INFO                  00200000   00004000  00000000  00004000  R  X
  SRAM_CODE             01000000   00010000  000098e7  00006719  RW X
  SRAM_DATA             20000000   00010000  000098e7  00006719  RW  


SEGMENT ALLOCATION MAP

run origin  load origin   length   init length attrs members
----------  ----------- ---------- ----------- ----- -------
00000000    00000000    00004be0   00004be0    r-x
  00000000    00000000    00000144   00000144    r-- .intvecs
  00000144    00000144    000047aa   000047aa    r-x .text
  000048f0    000048f0    000001cc   000001cc    r-- .const
  00004ac0    00004ac0    00000120   00000120    r-- .cinit
20000000    20000000    000088e8   00000000    rw-
  20000000    20000000    00008000   00000000    rw- .sysmem
  20008000    20008000    000004df   00000000    rw- .data
  200084e0    200084e0    00000320   00000000    rw- .bss
  20008800    20008800    000000e8   00000000    rw- .vtable
2000f000    2000f000    00001000   00000000    rw-
  2000f000    2000f000    00001000   00000000    rw- .stack


SECTION ALLOCATION MAP

 output                                  attributes/
section   page    origin      length       input sections
--------  ----  ----------  ----------   ----------------
.text      0    00000144    000047aa     
                  00000144    00000a4e     rtsv7M4_T_le_v4SPD16_eabi.lib : _printfi.c.obj (.text:__TI_printfi)
                  00000b92    00000002     ti_drivers_config.obj (.text:Board_initHook)
                  00000b94    000002f8     drivers_msp432p401x.aem4f : PowerMSP432.oem4f (.text:Power_sleep)
                  00000e8c    00000288                               : PowerMSP432.oem4f (.text:initPerfControl)
                  00001114    00000270     rtsv7M4_T_le_v4SPD16_eabi.lib : _printfi.c.obj (.text:_pconv_a)
                  00001384    000001d0                                   : _printfi.c.obj (.text:_pconv_g)
                  00001554    000001b6                                   : fd_add_t2.asm.obj (.text)
                  0000170a    00000002     nortos_msp432p401x.aem4f : PowerMSP432_nortos.oem4f (.text:PowerMSP432_initPolicy)
                  0000170c    00000170     drivers_msp432p401x.aem4f : GPIOMSP432.oem4f (.text:GPIO_setConfig)
                  0000187c    0000013c     rtsv7M4_T_le_v4SPD16_eabi.lib : _printfi.c.obj (.text:_pconv_e)
                  000019b8    00000136                                   : fd_div_t2.asm.obj (.text)
                  00001aee    00000002     nortos_msp432p401x.aem4f : PowerMSP432_nortos.oem4f (.text:PowerMSP432_updateFreqs)
                  00001af0    00000124     rtsv7M4_T_le_v4SPD16_eabi.lib : _printfi.c.obj (.text:fcvt)
                  00001c14    00000114                                   : fputs.c.obj (.text:fputs)
                  00001d28    00000110                                   : s_scalbn.c.obj (.text:scalbn)
                  00001e38    00000100                                   : memory.c.obj (.text:aligned_alloc)
                  00001f38    000000fc                                   : fd_mul_t2.asm.obj (.text)
                  00002034    000000e4     msp432p4xx_driverlib.lib : cs.o (.text:CS_startHFXTWithTimeout)
                  00002118    000000e4     rtsv7M4_T_le_v4SPD16_eabi.lib : memory.c.obj (.text:free)
                  000021fc    000000e0     msp432p4xx_driverlib.lib : cs.o (.text:CS_startLFXTWithTimeout)
                  000022dc    000000e0     nortos_msp432p401x.aem4f : TimerPMSP432_nortos.oem4f (.text:TimerP_construct)
                  000023bc    000000dc     msp432p4xx_driverlib.lib : cs.o (.text:_CSGetHFXTFrequency)
                  00002498    000000dc     rtsv7M4_T_le_v4SPD16_eabi.lib : setvbuf.c.obj (.text:setvbuf)
                  00002574    000000d8     nortos_msp432p401x.aem4f : SwiP_nortos.oem4f (.text:SwiP_construct)
                  0000264c    000000b4                              : ClockPTimer_nortos.oem4f (.text:ClockP_startup)
                  00002700    000000b1     rtsv7M4_T_le_v4SPD16_eabi.lib : _printfi.c.obj (.text:_ltostr)
                  000027b1    00000001     --HOLE-- [fill = 0]
                  000027b2    00000002                                   : _lock.c.obj (.text:_nop)
                  000027b4    000000ac     nortos_msp432p401x.aem4f : ClockPTimer_nortos.oem4f (.text:ClockP_workFuncDynamic)
                  00002860    000000ac     drivers_msp432p401x.aem4f : GPIOMSP432.oem4f (.text:GPIO_init)
                  0000290c    000000a0     nortos_msp432p401x.aem4f : SemaphoreP_nortos.oem4f (.text:SemaphoreP_pend)
                  000029ac    0000009c     drivers_msp432p401x.aem4f : PowerMSP432.oem4f (.text:Power_init)
                  00002a48    0000009c     nortos_msp432p401x.aem4f : SwiP_nortos.oem4f (.text:SwiP_dispatch)
                  00002ae4    0000009c     rtsv7M4_T_le_v4SPD16_eabi.lib : memcpy_t2.asm.obj (.text)
                  00002b80    00000096                                   : ull_div_t2.asm.obj (.text)
                  00002c16    00000002     nortos_msp432p401x.aem4f : startup_msp432_ccs.oem4f (.text:busFaultISR)
                  00002c18    0000008c     rtsv7M4_T_le_v4SPD16_eabi.lib : fputc.c.obj (.text:fputc)
                  00002ca4    00000086                                   : fd_cmp_t2.asm.obj (.text:__aeabi_cdcmple)
                  00002d2a    00000086                                   : fd_cmp_t2.asm.obj (.text:__aeabi_cdrcmple)
                  00002db0    00000084     ADC_MSP432.obj (.text:ADC_GetTemperature)
                  00002e34    00000084     drivers_msp432p401x.aem4f : PowerMSP432.oem4f (.text:restartHFXT)
                  00002eb8    00000080     nortos_msp432p401x.aem4f : ClockPTimer_nortos.oem4f (.text:ClockP_start)
                  00002f38    00000080     msp432p4xx_driverlib.lib : interrupt.o (.text:Interrupt_enableInterrupt)
                  00002fb8    0000007a     rtsv7M4_T_le_v4SPD16_eabi.lib : memset_t2.asm.obj (.text)
                  00003032    00000002     nortos_msp432p401x.aem4f : SemaphoreP_nortos.oem4f (.text:clkFxn)
                  00003034    00000078                              : ClockPTimer_nortos.oem4f (.text:ClockP_walkQueueDynamic)
                  000030ac    00000074     rtsv7M4_T_le_v4SPD16_eabi.lib : fclose.c.obj (.text:__TI_closefile)
                  00003120    00000070     nortos_msp432p401x.aem4f : HwiPMSP432_nortos.oem4f (.text:HwiP_construct)
                  00003190    00000070     rtsv7M4_T_le_v4SPD16_eabi.lib : memory.c.obj (.text:split)
                  00003200    0000006e                                   : _printfi.c.obj (.text:_mcpy)
                  0000326e    00000002     nortos_msp432p401x.aem4f : startup_msp432_ccs.oem4f (.text:defaultISR)
                  00003270    0000006c     rtsv7M4_T_le_v4SPD16_eabi.lib : hostrename.c.obj (.text:HOSTrename)
                  000032dc    0000006c     nortos_msp432p401x.aem4f : TimerPMSP432_nortos.oem4f (.text:TimerP_getCurrentTick)
                  00003348    00000068     drivers_msp432p401x.aem4f : GPIOMSP432.oem4f (.text:GPIO_hwiIntFxn)
                  000033b0    00000068     rtsv7M4_T_le_v4SPD16_eabi.lib : hostlseek.c.obj (.text:HOSTlseek)
                  00003418    00000068     msp432p4xx_driverlib.lib : interrupt.o (.text:Interrupt_pendInterrupt)
                  00003480    00000068     nortos_msp432p401x.aem4f : SwiP_nortos.oem4f (.text:SwiP_post)
                  000034e8    00000068     rtsv7M4_T_le_v4SPD16_eabi.lib : copy_decompress_lzss.c.obj (.text:decompress:lzss:__TI_decompress_lzss)
                  00003550    00000068                                   : printf.c.obj (.text:printf)
                  000035b8    00000064                                   : s_frexp.c.obj (.text:frexp)
                  0000361c    00000064                                   : fseek.c.obj (.text:fseek)
                  00003680    00000064     main_nortos.obj (.text:main)
                  000036e4    00000062     rtsv7M4_T_le_v4SPD16_eabi.lib : _io_perm.c.obj (.text:__TI_wrt_ok)
                  00003746    00000002     nortos_msp432p401x.aem4f : startup_msp432_ccs.oem4f (.text:faultISR)
                  00003748    00000060     drivers_msp432p401x.aem4f : GPIOMSP432.oem4f (.text:GPIO_setCallback)
                  000037a8    00000060     rtsv7M4_T_le_v4SPD16_eabi.lib : hostopen.c.obj (.text:HOSTopen)
                  00003808    0000005c     msp432p4xx_driverlib.lib : interrupt.o (.text:Interrupt_registerInterrupt)
                  00003864    0000005c     rtsv7M4_T_le_v4SPD16_eabi.lib : close.c.obj (.text:close)
                  000038c0    0000005c     gpiointerrupt.obj (.text:mainThread)
                  0000391c    00000058     drivers_msp432p401x.aem4f : GPIOMSP432.oem4f (.text:GPIO_write)
                  00003974    00000058     rtsv7M4_T_le_v4SPD16_eabi.lib : hostread.c.obj (.text:HOSTread)
                  000039cc    00000058                                   : hostwrite.c.obj (.text:HOSTwrite)
                  00003a24    00000058     nortos_msp432p401x.aem4f : TimerPMSP432_nortos.oem4f (.text:TimerP_dynamicStub)
                  00003a7c    00000056     rtsv7M4_T_le_v4SPD16_eabi.lib : _printfi.c.obj (.text:_pconv_f)
                  00003ad2    00000002     nortos_msp432p401x.aem4f : startup_msp432_ccs.oem4f (.text:nmiISR)
                  00003ad4    00000054     msp432p4xx_driverlib.lib : interrupt.o (.text:Interrupt_setPriority)
                  00003b28    00000054     rtsv7M4_T_le_v4SPD16_eabi.lib : _ltoa.c.obj (.text:__TI_ltoa)
                  00003b7c    00000052                                   : _printfi.c.obj (.text:_ecpy)
                  00003bce    00000002                                   : div0.asm.obj (.text)
                  00003bd0    00000050     nortos_msp432p401x.aem4f : SemaphoreP_nortos.oem4f (.text:SemaphoreP_construct)
                  00003c20    0000004c     rtsv7M4_T_le_v4SPD16_eabi.lib : fflush.c.obj (.text:__TI_doflush)
                  00003c6c    0000004c                                   : atoi.c.obj (.text:atoi)
                  00003cb8    00000048     nortos_msp432p401x.aem4f : PowerMSP432_nortos.oem4f (.text:PowerMSP432_sleepPolicy)
                  00003d00    00000048     rtsv7M4_T_le_v4SPD16_eabi.lib : exit.c.obj (.text:exit)
                  00003d48    00000048                                   : fd_toi_t2.asm.obj (.text)
                  00003d90    00000044                                   : hostclose.c.obj (.text:HOSTclose)
                  00003dd4    00000044                                   : hostunlink.c.obj (.text:HOSTunlink)
                  00003e18    00000044     nortos_msp432p401x.aem4f : SemaphoreP_nortos.oem4f (.text:SemaphoreP_post)
                  00003e5c    00000044                              : SwiP_nortos.oem4f (.text:SwiP_restore)
                  00003ea0    00000044                              : TimerPMSP432_nortos.oem4f (.text:TimerP_start)
                  00003ee4    00000044     rtsv7M4_T_le_v4SPD16_eabi.lib : autoinit.c.obj (.text:__TI_auto_init_nobinit_nopinit:__TI_auto_init_nobinit_nopinit)
                  00003f28    00000044                                   : getdevice.c.obj (.text:getdevice)
                  00003f6c    00000040     nortos_msp432p401x.aem4f : TimerPMSP432_nortos.oem4f (.text:TimerP_setNextTick)
                  00003fac    0000003e     rtsv7M4_T_le_v4SPD16_eabi.lib : _printfi.c.obj (.text:_fcpy)
                  00003fea    00000002     --HOLE-- [fill = 0]
                  00003fec    0000003c     nortos_msp432p401x.aem4f : TimerPMSP432_nortos.oem4f (.text:TimerP_initDevice)
                  00004028    00000038     drivers_msp432p401x.aem4f : GPIOMSP432.oem4f (.text:GPIO_toggle)
                  00004060    00000038     rtsv7M4_T_le_v4SPD16_eabi.lib : trgmsg.c.obj (.text:__TI_writemsg)
                  00004098    00000038     drivers_msp432p401x.aem4f : PowerMSP432.oem4f (.text:notify)
                  000040d0    00000038     rtsv7M4_T_le_v4SPD16_eabi.lib : fs_tod_t2.asm.obj (.text)
                  00004108    00000036                                   : strncpy.c.obj (.text:strncpy)
                  0000413e    00000002     --HOLE-- [fill = 0]
                  00004140    00000034     drivers_msp432p401x.aem4f : GPIOMSP432.oem4f (.text:GPIO_enableInt)
                  00004174    00000034     rtsv7M4_T_le_v4SPD16_eabi.lib : fopen.c.obj (.text:__TI_cleanup)
                  000041a8    00000034                                   : trgmsg.c.obj (.text:__TI_readmsg)
                  000041dc    00000034                                   : boot_cortex_m.c.obj (.text:_c_int00_noargs:_c_int00_noargs)
                  00004210    00000030                                   : getdevice.c.obj (.text:finddevice)
                  00004240    0000002e                                   : i_tofd_t2.asm.obj (.text)
                  0000426e    00000002     --HOLE-- [fill = 0]
                  00004270    0000002c                                   : unlink.c.obj (.text:unlink)
                  0000429c    0000002a     nortos_msp432p401x.aem4f : HwiPMSP432_nortos.oem4f (.text:HwiP_create)
                  000042c6    00000002     --HOLE-- [fill = 0]
                  000042c8    00000028     ADC_MSP432.obj (.text:adcClockD)
                  000042f0    00000028     drivers_msp432p401x.aem4f : PowerMSP432.oem4f (.text:disableFaultCounter)
                  00004318    00000028                               : PowerMSP432.oem4f (.text:disableHFXT)
                  00004340    00000028     rtsv7M4_T_le_v4SPD16_eabi.lib : memory.c.obj (.text:free_list_insert)
                  00004368    00000028                                   : lseek.c.obj (.text:lseek)
                  00004390    00000028                                   : write.c.obj (.text:write)
                  000043b8    00000024     nortos_msp432p401x.aem4f : ClockPTimer_nortos.oem4f (.text:ClockP_getTicks)
                  000043dc    00000024                              : ClockPTimer_nortos.oem4f (.text:ClockP_scheduleNextTick)
                  00004400    00000024                              : HwiPMSP432_nortos.oem4f (.text:HwiP_dispatch)
                  00004424    00000020     msp432p4xx_driverlib.lib : cs.o (.text:CS_setExternalClockSourceFrequency)
                  00004444    00000020     nortos_msp432p401x.aem4f : ClockPTimer_nortos.oem4f (.text:ClockP_add)
                  00004464    00000020                              : QueueP_nortos.oem4f (.text:QueueP_put)
                  00004484    00000020     ADC_MSP432.obj (.text:adcConfigPin)
                  000044a4    00000020     rtsv7M4_T_le_v4SPD16_eabi.lib : memchr.c.obj (.text:memchr)
                  000044c4    0000001c     nortos_msp432p401x.aem4f : SwiP_nortos.oem4f (.text:SwiP_disable)
                  000044e0    0000001c     ADC_MSP432.obj (.text:adcCanalFinal)
                  000044fc    0000001c     ADC_MSP432.obj (.text:adcResultado)
                  00004518    0000001c     rtsv7M4_T_le_v4SPD16_eabi.lib : memory.c.obj (.text:free_list_remove)
                  00004534    0000001c                                   : memccpy.c.obj (.text:memccpy)
                  00004550    0000001a     nortos_msp432p401x.aem4f : QueueP_nortos.oem4f (.text:QueueP_get)
                  0000456a    0000001a                              : SemaphoreP_nortos.oem4f (.text:SemaphoreP_createBinary)
                  00004584    0000001a     rtsv7M4_T_le_v4SPD16_eabi.lib : s_copysign.c.obj (.text:copysign)
                  0000459e    00000018     nortos_msp432p401x.aem4f : ClockPTimer_nortos.oem4f (.text:ClockP_destruct)
                  000045b6    00000002     --HOLE-- [fill = 0]
                  000045b8    00000018                              : HwiPMSP432_nortos.oem4f (.text:HwiP_inISR)
                  000045d0    00000018     msp432p4xx_driverlib.lib : sysctl_a.o (.text:SysCtl_A_disableNMISource)
                  000045e8    00000018                              : sysctl_a.o (.text:SysCtl_A_enableNMISource)
                  00004600    00000018     ADC_MSP432.obj (.text:adcActivado)
                  00004618    00000018     ADC_MSP432.obj (.text:adcConversion)
                  00004630    00000018     nortos_msp432p401x.aem4f : startup_msp432_ccs.oem4f (.text:resetISR)
                  00004648    00000018     rtsv7M4_T_le_v4SPD16_eabi.lib : strcmp.c.obj (.text:strcmp)
                  00004660    00000016     nortos_msp432p401x.aem4f : SemaphoreP_nortos.oem4f (.text:SemaphoreP_create)
                  00004676    00000016                              : SwiP_nortos.oem4f (.text:maxbit)
                  0000468c    00000016     rtsv7M4_T_le_v4SPD16_eabi.lib : strchr.c.obj (.text:strchr)
                  000046a2    00000002     --HOLE-- [fill = 0]
                  000046a4    00000014     drivers_msp432p401x.aem4f : PowerMSP432.oem4f (.text:Power_idleFunc)
                  000046b8    00000014     nortos_msp432p401x.aem4f : SwiP_nortos.oem4f (.text:SwiP_handleHwi)
                  000046cc    00000014                              : TimerPMSP432_nortos.oem4f (.text:TimerP_getCount)
                  000046e0    00000014     ADC_MSP432.obj (.text:adcClockR)
                  000046f4    00000014     rtsv7M4_T_le_v4SPD16_eabi.lib : strcpy.c.obj (.text:strcpy)
                  00004708    00000014                                   : strlen.c.obj (.text:strlen)
                  0000471c    00000012     nortos_msp432p401x.aem4f : HwiPMSP432_nortos.oem4f (.text:HwiP_Params_init)
                  0000472e    00000012     rtsv7M4_T_le_v4SPD16_eabi.lib : wcslen.c.obj (.text:wcslen)
                  00004740    00000010     nortos_msp432p401x.aem4f : HwiPMSP432_nortos.oem4f (.text:HwiP_disable)
                  00004750    00000010     msp432p4xx_driverlib.lib : interrupt.o (.text:Interrupt_disableMaster)
                  00004760    00000010                              : interrupt.o (.text:Interrupt_enableMaster)
                  00004770    00000010     drivers_msp432p401x.aem4f : PowerMSP432.oem4f (.text:Power_disablePolicy)
                  00004780    00000010                               : PowerMSP432.oem4f (.text:Power_enablePolicy)
                  00004790    00000010     nortos_msp432p401x.aem4f : SemaphoreP_nortos.oem4f (.text:SemaphoreP_Params_init)
                  000047a0    00000010                              : SwiP_nortos.oem4f (.text:SwiP_Params_init)
                  000047b0    00000010     msp432p4xx_driverlib.lib : sysctl_a.o (.text:SysCtl_A_getNMISourceStatus)
                  000047c0    00000010                              : sysctl.o (.text:SysCtl_getNMISourceStatus)
                  000047d0    00000010     nortos_msp432p401x.aem4f : TimerPMSP432_nortos.oem4f (.text:TimerP_Params_init)
                  000047e0    00000010     ADC_MSP432.obj (.text:adcOcupado)
                  000047f0    0000000e     nortos_msp432p401x.aem4f : QueueP_nortos.oem4f (.text:QueueP_empty)
                  000047fe    0000000e                              : QueueP_nortos.oem4f (.text:QueueP_remove)
                  0000480c    0000000e     rtsv7M4_T_le_v4SPD16_eabi.lib : copy_decompress_none.c.obj (.text:decompress:none:__TI_decompress_none)
                  0000481a    0000000e     gpiointerrupt.obj (.text:gpioButtonFxn0)
                  00004828    0000000e     gpiointerrupt.obj (.text:gpioButtonFxn1)
                  00004836    0000000c     ti_drivers_config.obj (.text:Board_init)
                  00004842    0000000c     msp432p4xx_driverlib.lib : cpu.o (.text:CPU_cpsid)
                  0000484e    0000000c                              : cpu.o (.text:CPU_cpsie)
                  0000485a    00000002     --HOLE-- [fill = 0]
                  0000485c    0000000c     nortos_msp432p401x.aem4f : ClockPTimer_nortos.oem4f (.text:ClockP_doTick)
                  00004868    0000000c     drivers_msp432p401x.aem4f : PowerMSP432.oem4f (.text:Power_getConstraintMask)
                  00004874    0000000c     nortos_msp432p401x.aem4f : TimerPMSP432_nortos.oem4f (.text:TimerP_getFreq)
                  00004880    0000000c                              : TimerPMSP432_nortos.oem4f (.text:TimerP_getMaxTicks)
                  0000488c    0000000c     ADC_MSP432.obj (.text:adcInit)
                  00004898    0000000c     rtsv7M4_T_le_v4SPD16_eabi.lib : copy_zero_init.c.obj (.text:decompress:ZI:__TI_zero_init)
                  000048a4    00000008     nortos_msp432p401x.aem4f : HwiPMSP432_nortos.oem4f (.text:HwiP_restore)
                  000048ac    00000008     rtsv7M4_T_le_v4SPD16_eabi.lib : errno.c.obj (.text:__aeabi_errno_addr)
                  000048b4    00000008                                   : memory.c.obj (.text:malloc)
                  000048bc    00000006     nortos_msp432p401x.aem4f : QueueP_nortos.oem4f (.text:QueueP_init)
                  000048c2    00000004                              : ClockPTimer_nortos.oem4f (.text:ClockP_isActive)
                  000048c6    00000004                              : HwiPMSP432_nortos.oem4f (.text:HwiP_enable)
                  000048ca    00000004                              : HwiPMSP432_nortos.oem4f (.text:HwiP_post)
                  000048ce    00000004                              : QueueP_nortos.oem4f (.text:QueueP_head)
                  000048d2    00000004                              : QueueP_nortos.oem4f (.text:QueueP_next)
                  000048d6    00000004                              : SemaphoreP_nortos.oem4f (.text:SemaphoreP_delete)
                  000048da    00000004                              : TimerPMSP432_nortos.oem4f (.text:TimerP_setPeriod)
                  000048de    00000004     rtsv7M4_T_le_v4SPD16_eabi.lib : printf.c.obj (.text:_outc)
                  000048e2    00000004                                   : printf.c.obj (.text:_outs)
                  000048e6    00000004                                   : pre_init.c.obj (.text:_system_pre_init)
                  000048ea    00000004                                   : exit.c.obj (.text:abort:abort)

.const     0    000048f0    000001cc     
                  000048f0    00000101     rtsv7M4_T_le_v4SPD16_eabi.lib : ctype.c.obj (.const:.string:_ctypes_)
                  000049f1    00000003     --HOLE-- [fill = 0]
                  000049f4    00000050     msp432p4xx_driverlib.lib : interrupt.o (.const:g_pulRegs)
                  00004a44    00000038     ti_drivers_config.obj (.const:PowerMSP432_config)
                  00004a7c    00000014     ti_drivers_config.obj (.const:GPIOMSP432_config)
                  00004a90    00000010     nortos_msp432p401x.aem4f : SwiP_nortos.oem4f (.const:SwiP_defaultParams)
                  00004aa0    00000008     msp432p4xx_driverlib.lib : interrupt.o (.const:g_pulEnRegs)
                  00004aa8    00000008                              : interrupt.o (.const:g_pulPendRegs)
                  00004ab0    00000006     drivers_msp432p401x.aem4f : GPIOMSP432.oem4f (.const:.string:interruptType)
                  00004ab6    00000006                               : GPIOMSP432.oem4f (.const:.string:portInterruptIds)

.cinit     0    00004ac0    00000120     
                  00004ac0    000000e7     (.cinit..data.load) [load image, compression = lzss]
                  00004ba7    00000001     --HOLE-- [fill = 0]
                  00004ba8    0000000c     (__TI_handler_table)
                  00004bb4    00000004     --HOLE-- [fill = 0]
                  00004bb8    00000008     (.cinit..bss.load) [load image, compression = zero_init]
                  00004bc0    00000008     (.cinit..vtable.load) [load image, compression = zero_init]
                  00004bc8    00000018     (__TI_cinit_table)

.init_array 
*          0    00000000    00000000     UNINITIALIZED

.intvecs   0    00000000    00000144     
                  00000000    00000144     nortos_msp432p401x.aem4f : startup_msp432_ccs.oem4f (.intvecs:retain)

.sysmem    0    20000000    00008000     UNINITIALIZED
                  20000000    00000010     rtsv7M4_T_le_v4SPD16_eabi.lib : memory.c.obj (.sysmem)
                  20000010    00007ff0     --HOLE--

.data      0    20008000    000004df     UNINITIALIZED
                  20008000    00000140     nortos_msp432p401x.aem4f : HwiPMSP432_nortos.oem4f (.data:HwiP_dispatchTable)
                  20008140    00000140     drivers_msp432p401x.aem4f : PowerMSP432.oem4f (.data:PowerMSP432_perfLevels)
                  20008280    000000f0     rtsv7M4_T_le_v4SPD16_eabi.lib : defs.c.obj (.data:_ftable)
                  20008370    00000078                                   : host_device.c.obj (.data:_device)
                  200083e8    00000050                                   : host_device.c.obj (.data:_stream)
                  20008438    0000002c     drivers_msp432p401x.aem4f : PowerMSP432.oem4f (.data:PowerMSP432_module)
                  20008464    00000010     ti_drivers_config.obj (.data:gpioCallbackFunctions)
                  20008474    00000010     ti_drivers_config.obj (.data:gpioPinConfigs)
                  20008484    00000010     rtsv7M4_T_le_v4SPD16_eabi.lib : defs.c.obj (.data)
                  20008494    0000000c                                   : exit.c.obj (.data:$O1$$)
                  200084a0    0000000c     nortos_msp432p401x.aem4f : TimerPMSP432_nortos.oem4f (.data:TimerP_defaultParams)
                  200084ac    00000008     rtsv7M4_T_le_v4SPD16_eabi.lib : _lock.c.obj (.data:$O1$$)
                  200084b4    00000008                                   : memory.c.obj (.data:$O1$$)
                  200084bc    00000008     nortos_msp432p401x.aem4f : SemaphoreP_nortos.oem4f (.data:SemaphoreP_defaultParams)
                  200084c4    00000008                              : ClockPTimer_nortos.oem4f (.data)
                  200084cc    00000008                              : HwiPMSP432_nortos.oem4f (.data)
                  200084d4    00000004     rtsv7M4_T_le_v4SPD16_eabi.lib : errno.c.obj (.data)
                  200084d8    00000003     nortos_msp432p401x.aem4f : SemaphoreP_nortos.oem4f (.data)
                  200084db    00000002     drivers_msp432p401x.aem4f : GPIOMSP432.oem4f (.data)
                  200084dd    00000001     nortos_msp432p401x.aem4f : SwiP_nortos.oem4f (.data)
                  200084de    00000001                              : TimerPMSP432_nortos.oem4f (.data)

.bss       0    200084e0    00000320     UNINITIALIZED
                  200084e0    00000120     rtsv7M4_T_le_v4SPD16_eabi.lib : trgmsg.c.obj (.bss:_CIOBUF_)
                  20008600    000000a0     nortos_msp432p401x.aem4f : ClockPTimer_nortos.oem4f (.bss:ClockP_module)
                  200086a0    000000a0     (.common:__TI_tmpnams)
                  20008740    00000030     drivers_msp432p401x.aem4f : GPIOMSP432.oem4f (.bss:gpioCallbackInfo)
                  20008770    00000020     nortos_msp432p401x.aem4f : SwiP_nortos.oem4f (.bss:SwiP_readyList)
                  20008790    0000001c                              : SwiP_nortos.oem4f (.bss:SwiP_hwiStruct)
                  200087ac    0000001c                              : TimerPMSP432_nortos.oem4f (.bss:TimerP_hwiStruct)
                  200087c8    0000000d                              : SwiP_nortos.oem4f (.bss)
                  200087d5    00000003     --HOLE--
                  200087d8    00000008     msp432p4xx_driverlib.lib : cs.o (.bss)
                  200087e0    00000008     nortos_msp432p401x.aem4f : ClockPTimer_nortos.oem4f (.bss:timerFreq)
                  200087e8    00000008     (.common:parmbuf)
                  200087f0    00000004     drivers_msp432p401x.aem4f : GPIOMSP432.oem4f (.bss)
                  200087f4    00000004     nortos_msp432p401x.aem4f : ClockPTimer_nortos.oem4f (.bss)
                  200087f8    00000004                              : TimerPMSP432_nortos.oem4f (.bss)
                  200087fc    00000004     (.common:TemperaturaActual)

.vtable    0    20008800    000000e8     UNINITIALIZED
                  20008800    000000e8     msp432p4xx_driverlib.lib : interrupt.o (.vtable)

.stack     0    2000f000    00001000     UNINITIALIZED
                  2000f000    00000004     rtsv7M4_T_le_v4SPD16_eabi.lib : boot_cortex_m.c.obj (.stack)
                  2000f004    00000ffc     --HOLE--

__llvm_prf_cnts 
*          0    20000000    00000000     UNINITIALIZED

.binit     0    00000000    00000000     

MODULE SUMMARY

       Module                       code    ro data   rw data
       ------                       ----    -------   -------
    .\
       gpiointerrupt.obj            120     0         0      
       main_nortos.obj              100     0         8      
    +--+----------------------------+-------+---------+---------+
       Total:                       220     0         8      
                                                             
    .\Drivers\
       ADC_MSP432.obj               356     0         0      
    +--+----------------------------+-------+---------+---------+
       Total:                       356     0         0      
                                                             
    .\syscfg\
       ti_drivers_config.obj        14      76        64     
    +--+----------------------------+-------+---------+---------+
       Total:                       14      76        64     
                                                             
    C:/ti/simplelink_msp432p4_sdk_3_40_01_02/kernel/nortos/lib/nortos_msp432p401x.aem4f
       ClockPTimer_nortos.oem4f     744     0         360    
       HwiPMSP432_nortos.oem4f      264     0         656    
       SwiP_nortos.oem4f            630     16        148    
       TimerPMSP432_nortos.oem4f    676     0         90     
       SemaphoreP_nortos.oem4f      378     0         22     
       startup_msp432_ccs.oem4f     32      324       0      
       QueueP_nortos.oem4f          100     0         0      
       PowerMSP432_nortos.oem4f     76      0         0      
    +--+----------------------------+-------+---------+---------+
       Total:                       2900    340       1276   
                                                             
    C:/ti/simplelink_msp432p4_sdk_3_40_01_02/source/ti/devices/msp432p4xx/driverlib/ccs/msp432p4xx_driverlib.lib
       interrupt.o                  440     96        464    
       cs.o                         704     0         16     
       sysctl_a.o                   64      0         0      
       cpu.o                        24      0         0      
       sysctl.o                     16      0         0      
    +--+----------------------------+-------+---------+---------+
       Total:                       1248    96        480    
                                                             
    C:/ti/simplelink_msp432p4_sdk_3_40_01_02/source/ti/drivers/lib/drivers_msp432p401x.aem4f
       PowerMSP432.oem4f            1896    0         728    
       GPIOMSP432.oem4f             936     12        108    
    +--+----------------------------+-------+---------+---------+
       Total:                       2832    12        836    
                                                             
    C:\ti\ccs1120\ccs\tools\compiler\ti-cgt-arm_20.2.6.LTS\lib\rtsv7M4_T_le_v4SPD16_eabi.lib
       _printfi.c.obj               4851    0         0      
       defs.c.obj                   0       0         832    
       memory.c.obj                 672     0         16     
       trgmsg.c.obj                 108     0         576    
       fd_add_t2.asm.obj            438     0         0      
       host_device.c.obj            0       0         400    
       fd_div_t2.asm.obj            310     0         0      
       fputs.c.obj                  276     0         0      
       s_scalbn.c.obj               272     0         0      
       fd_cmp_t2.asm.obj            268     0         0      
       ctype.c.obj                  0       257       0      
       fd_mul_t2.asm.obj            252     0         0      
       setvbuf.c.obj                220     0         0      
       memcpy_t2.asm.obj            156     0         0      
       ull_div_t2.asm.obj           150     0         0      
       fputc.c.obj                  140     0         0      
       memset_t2.asm.obj            122     0         0      
       fclose.c.obj                 116     0         0      
       getdevice.c.obj              116     0         0      
       hostopen.c.obj               96      0         16     
       printf.c.obj                 112     0         0      
       hostrename.c.obj             108     0         0      
       copy_decompress_lzss.c.obj   104     0         0      
       hostlseek.c.obj              104     0         0      
       exit.c.obj                   76      0         24     
       fseek.c.obj                  100     0         0      
       s_frexp.c.obj                100     0         0      
       _io_perm.c.obj               98      0         0      
       close.c.obj                  92      0         0      
       hostread.c.obj               88      0         0      
       hostwrite.c.obj              88      0         0      
       _ltoa.c.obj                  84      0         0      
       atoi.c.obj                   76      0         0      
       fflush.c.obj                 76      0         0      
       fd_toi_t2.asm.obj            72      0         0      
       autoinit.c.obj               68      0         0      
       hostclose.c.obj              68      0         0      
       hostunlink.c.obj             68      0         0      
       fs_tod_t2.asm.obj            56      0         0      
       strncpy.c.obj                54      0         0      
       boot_cortex_m.c.obj          52      0         0      
       fopen.c.obj                  52      0         0      
       i_tofd_t2.asm.obj            46      0         0      
       unlink.c.obj                 44      0         0      
       lseek.c.obj                  40      0         0      
       write.c.obj                  40      0         0      
       memchr.c.obj                 32      0         0      
       memccpy.c.obj                28      0         0      
       s_copysign.c.obj             26      0         0      
       strcmp.c.obj                 24      0         0      
       strchr.c.obj                 22      0         0      
       strcpy.c.obj                 20      0         0      
       strlen.c.obj                 20      0         0      
       _lock.c.obj                  2       0         16     
       wcslen.c.obj                 18      0         0      
       errno.c.obj                  8       0         8      
       copy_decompress_none.c.obj   14      0         0      
       copy_zero_init.c.obj         12      0         0      
       pre_init.c.obj               4       0         0      
       div0.asm.obj                 2       0         0      
    +--+----------------------------+-------+---------+---------+
       Total:                       10761   257       1888   
                                                             
       Heap:                        0       0         65536  
       Stack:                       0       0         8192   
       Linker Generated:            0       283       0      
    +--+----------------------------+-------+---------+---------+
       Grand Total:                 18331   1064      78280  


LINKER GENERATED COPY TABLES

__TI_cinit_table @ 00004bc8 records: 3, size/record: 8, table size: 24
	.data: load addr=00004ac0, load size=000000e7 bytes, run addr=20008000, run size=000004df bytes, compression=lzss
	.bss: load addr=00004bb8, load size=00000008 bytes, run addr=200084e0, run size=00000320 bytes, compression=zero_init
	.vtable: load addr=00004bc0, load size=00000008 bytes, run addr=20008800, run size=000000e8 bytes, compression=zero_init


LINKER GENERATED HANDLER TABLE

__TI_handler_table @ 00004ba8 records: 3, size/record: 4, table size: 12
	index: 0, handler: __TI_decompress_lzss
	index: 1, handler: __TI_decompress_none
	index: 2, handler: __TI_zero_init


GLOBAL SYMBOLS: SORTED ALPHABETICALLY BY Name 

address   name                              
-------   ----                              
00002db1  ADC_GetTemperature                
00004837  Board_init                        
00000b93  Board_initHook                    
000048eb  C$$EXIT                           
0000408f  C$$IO$$                           
00004843  CPU_cpsid                         
0000484f  CPU_cpsie                         
00004425  CS_setExternalClockSourceFrequency
00002035  CS_startHFXTWithTimeout           
000021fd  CS_startLFXTWithTimeout           
00004445  ClockP_add                        
0000459f  ClockP_destruct                   
0000485d  ClockP_doTick                     
000043b9  ClockP_getTicks                   
000048c3  ClockP_isActive                   
000043dd  ClockP_scheduleNextTick           
00002eb9  ClockP_start                      
0000264d  ClockP_startup                    
200084c8  ClockP_tickPeriod                 
00003035  ClockP_walkQueueDynamic           
000027b5  ClockP_workFuncDynamic            
00004a7c  GPIOMSP432_config                 
00004141  GPIO_enableInt                    
00003349  GPIO_hwiIntFxn                    
00002861  GPIO_init                         
00003749  GPIO_setCallback                  
0000170d  GPIO_setConfig                    
00004029  GPIO_toggle                       
0000391d  GPIO_write                        
00003d91  HOSTclose                         
000033b1  HOSTlseek                         
000037a9  HOSTopen                          
00003975  HOSTread                          
00003271  HOSTrename                        
00003dd5  HOSTunlink                        
000039cd  HOSTwrite                         
0000471d  HwiP_Params_init                  
00003121  HwiP_construct                    
0000429d  HwiP_create                       
00004741  HwiP_disable                      
00004401  HwiP_dispatch                     
000048c7  HwiP_enable                       
000045b9  HwiP_inISR                        
200084cc  HwiP_key                          
000048cb  HwiP_post                         
000048a5  HwiP_restore                      
200084d0  HwiP_swiPIntNum                   
00004751  Interrupt_disableMaster           
00002f39  Interrupt_enableInterrupt         
00004761  Interrupt_enableMaster            
00003419  Interrupt_pendInterrupt           
00003809  Interrupt_registerInterrupt       
00003ad5  Interrupt_setPriority             
000048c7  NoRTOS_start                      
00004a44  PowerMSP432_config                
0000170b  PowerMSP432_initPolicy            
20008438  PowerMSP432_module                
20008140  PowerMSP432_perfLevels            
00003cb9  PowerMSP432_sleepPolicy           
00001aef  PowerMSP432_updateFreqs           
00004771  Power_disablePolicy               
00004781  Power_enablePolicy                
00004869  Power_getConstraintMask           
000046a5  Power_idleFunc                    
000029ad  Power_init                        
00000b95  Power_sleep                       
000047f1  QueueP_empty                      
00004551  QueueP_get                        
000048cf  QueueP_head                       
000048bd  QueueP_init                       
000048d3  QueueP_next                       
00004465  QueueP_put                        
000047ff  QueueP_remove                     
00004791  SemaphoreP_Params_init            
00003bd1  SemaphoreP_construct              
00004661  SemaphoreP_create                 
0000456b  SemaphoreP_createBinary           
200084bc  SemaphoreP_defaultParams          
000048d7  SemaphoreP_delete                 
0000290d  SemaphoreP_pend                   
00003e19  SemaphoreP_post                   
000047a1  SwiP_Params_init                  
00002575  SwiP_construct                    
000044c5  SwiP_disable                      
00002a49  SwiP_dispatch                     
00003481  SwiP_post                         
00003e5d  SwiP_restore                      
000045d1  SysCtl_A_disableNMISource         
000045e9  SysCtl_A_enableNMISource          
000047b1  SysCtl_A_getNMISourceStatus       
000047c1  SysCtl_getNMISourceStatus         
200087fc  TemperaturaActual                 
000047d1  TimerP_Params_init                
000022dd  TimerP_construct                  
00003a25  TimerP_dynamicStub                
000032dd  TimerP_getCurrentTick             
00004875  TimerP_getFreq                    
00004881  TimerP_getMaxTicks                
00003fed  TimerP_initDevice                 
00003f6d  TimerP_setNextTick                
000048db  TimerP_setPeriod                  
00003ea1  TimerP_start                      
4000480c  WDTCTL_SYM                        
200084e0  __CIOBUF_                         
20010000  __STACK_END                       
00001000  __STACK_SIZE                      
00008000  __SYSMEM_SIZE                     
00004bc8  __TI_CINIT_Base                   
00004be0  __TI_CINIT_Limit                  
00004ba8  __TI_Handler_Table_Base           
00004bb4  __TI_Handler_Table_Limit          
00003ee5  __TI_auto_init_nobinit_nopinit    
00004175  __TI_cleanup                      
20008494  __TI_cleanup_ptr                  
000030ad  __TI_closefile                    
000034e9  __TI_decompress_lzss              
0000480d  __TI_decompress_none              
00003c21  __TI_doflush                      
20008498  __TI_dtors_ptr                    
2000849c  __TI_enable_exit_profile_output   
20008484  __TI_ft_end                       
00003b29  __TI_ltoa                         
ffffffff  __TI_pprof_out_hndl               
00000145  __TI_printfi                      
ffffffff  __TI_prof_data_size               
ffffffff  __TI_prof_data_start              
000041a9  __TI_readmsg                      
00004ac0  __TI_static_base__                
200086a0  __TI_tmpnams                      
00004061  __TI_writemsg                     
000036e5  __TI_wrt_ok                       
00004899  __TI_zero_init                    
00002ca5  __aeabi_cdcmpeq                   
00002ca5  __aeabi_cdcmple                   
00002d2b  __aeabi_cdrcmple                  
00003d49  __aeabi_d2iz                      
0000155f  __aeabi_dadd                      
000019b9  __aeabi_ddiv                      
00001f39  __aeabi_dmul                      
00001555  __aeabi_dsub                      
000048ad  __aeabi_errno_addr                
000040d1  __aeabi_f2d                       
00004241  __aeabi_i2d                       
00003bcf  __aeabi_idiv0                     
00003bcf  __aeabi_ldiv0                     
00002fb9  __aeabi_memclr                    
00002fb9  __aeabi_memclr4                   
00002fb9  __aeabi_memclr8                   
00002ae5  __aeabi_memcpy                    
00002ae5  __aeabi_memcpy4                   
00002ae5  __aeabi_memcpy8                   
00002fbb  __aeabi_memset                    
00002fbb  __aeabi_memset4                   
00002fbb  __aeabi_memset8                   
20008490  __aeabi_stderr                    
20008488  __aeabi_stdin                     
2000848c  __aeabi_stdout                    
00002b81  __aeabi_uldivmod                  
ffffffff  __binit__                         
ffffffff  __c_args__                        
UNDEFED   __mpu_init                        
2000f000  __stack                           
20000000  __start___llvm_prf_cnts           
20000000  __stop___llvm_prf_cnts            
000041dd  _c_int00_noargs                   
000048f0  _ctypes_                          
20008370  _device                           
20008280  _ftable                           
200084ac  _lock                             
000027b3  _nop                              
200083e8  _stream                           
20000000  _sys_memory                       
UNDEFED   _system_post_cinit                
000048e7  _system_pre_init                  
200084b0  _unlock                           
000048eb  abort                             
00004601  adcActivado                       
000044e1  adcCanalFinal                     
000042c9  adcClockD                         
000046e1  adcClockR                         
00004485  adcConfigPin                      
00004619  adcConversion                     
0000488d  adcInit                           
000047e1  adcOcupado                        
000044fd  adcResultado                      
00001e39  aligned_alloc                     
00003c6d  atoi                              
ffffffff  binit                             
00003033  clkFxn                            
00003865  close                             
00004585  copysign                          
00004585  copysignl                         
200084d4  errno                             
00003d01  exit                              
00004211  finddevice                        
00002c19  fputc                             
00001c15  fputs                             
00002119  free                              
000035b9  frexp                             
000035b9  frexpl                            
0000361d  fseek                             
20008800  g_pfnRAMVectors                   
00003f29  getdevice                         
0000481b  gpioButtonFxn0                    
00004829  gpioButtonFxn1                    
20008464  gpioCallbackFunctions             
20008474  gpioPinConfigs                    
00000000  interruptVectors                  
00001d29  ldexp                             
00001d29  ldexpl                            
00004369  lseek                             
00003681  main                              
000038c1  mainThread                        
000048b5  malloc                            
00001e39  memalign                          
00004535  memccpy                           
000044a5  memchr                            
00002ae5  memcpy                            
00002fc1  memset                            
200087e8  parmbuf                           
00003551  printf                            
00002c19  putc                              
00004271  remove                            
00004631  resetISR                          
00001d29  scalbn                            
00001d29  scalbnl                           
00002499  setvbuf                           
0000468d  strchr                            
00004649  strcmp                            
000046f5  strcpy                            
00004709  strlen                            
00004109  strncpy                           
00004271  unlink                            
0000472f  wcslen                            
00004391  write                             


GLOBAL SYMBOLS: SORTED BY Symbol Address 

address   name                              
-------   ----                              
00000000  interruptVectors                  
00000145  __TI_printfi                      
00000b93  Board_initHook                    
00000b95  Power_sleep                       
00001000  __STACK_SIZE                      
00001555  __aeabi_dsub                      
0000155f  __aeabi_dadd                      
0000170b  PowerMSP432_initPolicy            
0000170d  GPIO_setConfig                    
000019b9  __aeabi_ddiv                      
00001aef  PowerMSP432_updateFreqs           
00001c15  fputs                             
00001d29  ldexp                             
00001d29  ldexpl                            
00001d29  scalbn                            
00001d29  scalbnl                           
00001e39  aligned_alloc                     
00001e39  memalign                          
00001f39  __aeabi_dmul                      
00002035  CS_startHFXTWithTimeout           
00002119  free                              
000021fd  CS_startLFXTWithTimeout           
000022dd  TimerP_construct                  
00002499  setvbuf                           
00002575  SwiP_construct                    
0000264d  ClockP_startup                    
000027b3  _nop                              
000027b5  ClockP_workFuncDynamic            
00002861  GPIO_init                         
0000290d  SemaphoreP_pend                   
000029ad  Power_init                        
00002a49  SwiP_dispatch                     
00002ae5  __aeabi_memcpy                    
00002ae5  __aeabi_memcpy4                   
00002ae5  __aeabi_memcpy8                   
00002ae5  memcpy                            
00002b81  __aeabi_uldivmod                  
00002c19  fputc                             
00002c19  putc                              
00002ca5  __aeabi_cdcmpeq                   
00002ca5  __aeabi_cdcmple                   
00002d2b  __aeabi_cdrcmple                  
00002db1  ADC_GetTemperature                
00002eb9  ClockP_start                      
00002f39  Interrupt_enableInterrupt         
00002fb9  __aeabi_memclr                    
00002fb9  __aeabi_memclr4                   
00002fb9  __aeabi_memclr8                   
00002fbb  __aeabi_memset                    
00002fbb  __aeabi_memset4                   
00002fbb  __aeabi_memset8                   
00002fc1  memset                            
00003033  clkFxn                            
00003035  ClockP_walkQueueDynamic           
000030ad  __TI_closefile                    
00003121  HwiP_construct                    
00003271  HOSTrename                        
000032dd  TimerP_getCurrentTick             
00003349  GPIO_hwiIntFxn                    
000033b1  HOSTlseek                         
00003419  Interrupt_pendInterrupt           
00003481  SwiP_post                         
000034e9  __TI_decompress_lzss              
00003551  printf                            
000035b9  frexp                             
000035b9  frexpl                            
0000361d  fseek                             
00003681  main                              
000036e5  __TI_wrt_ok                       
00003749  GPIO_setCallback                  
000037a9  HOSTopen                          
00003809  Interrupt_registerInterrupt       
00003865  close                             
000038c1  mainThread                        
0000391d  GPIO_write                        
00003975  HOSTread                          
000039cd  HOSTwrite                         
00003a25  TimerP_dynamicStub                
00003ad5  Interrupt_setPriority             
00003b29  __TI_ltoa                         
00003bcf  __aeabi_idiv0                     
00003bcf  __aeabi_ldiv0                     
00003bd1  SemaphoreP_construct              
00003c21  __TI_doflush                      
00003c6d  atoi                              
00003cb9  PowerMSP432_sleepPolicy           
00003d01  exit                              
00003d49  __aeabi_d2iz                      
00003d91  HOSTclose                         
00003dd5  HOSTunlink                        
00003e19  SemaphoreP_post                   
00003e5d  SwiP_restore                      
00003ea1  TimerP_start                      
00003ee5  __TI_auto_init_nobinit_nopinit    
00003f29  getdevice                         
00003f6d  TimerP_setNextTick                
00003fed  TimerP_initDevice                 
00004029  GPIO_toggle                       
00004061  __TI_writemsg                     
0000408f  C$$IO$$                           
000040d1  __aeabi_f2d                       
00004109  strncpy                           
00004141  GPIO_enableInt                    
00004175  __TI_cleanup                      
000041a9  __TI_readmsg                      
000041dd  _c_int00_noargs                   
00004211  finddevice                        
00004241  __aeabi_i2d                       
00004271  remove                            
00004271  unlink                            
0000429d  HwiP_create                       
000042c9  adcClockD                         
00004369  lseek                             
00004391  write                             
000043b9  ClockP_getTicks                   
000043dd  ClockP_scheduleNextTick           
00004401  HwiP_dispatch                     
00004425  CS_setExternalClockSourceFrequency
00004445  ClockP_add                        
00004465  QueueP_put                        
00004485  adcConfigPin                      
000044a5  memchr                            
000044c5  SwiP_disable                      
000044e1  adcCanalFinal                     
000044fd  adcResultado                      
00004535  memccpy                           
00004551  QueueP_get                        
0000456b  SemaphoreP_createBinary           
00004585  copysign                          
00004585  copysignl                         
0000459f  ClockP_destruct                   
000045b9  HwiP_inISR                        
000045d1  SysCtl_A_disableNMISource         
000045e9  SysCtl_A_enableNMISource          
00004601  adcActivado                       
00004619  adcConversion                     
00004631  resetISR                          
00004649  strcmp                            
00004661  SemaphoreP_create                 
0000468d  strchr                            
000046a5  Power_idleFunc                    
000046e1  adcClockR                         
000046f5  strcpy                            
00004709  strlen                            
0000471d  HwiP_Params_init                  
0000472f  wcslen                            
00004741  HwiP_disable                      
00004751  Interrupt_disableMaster           
00004761  Interrupt_enableMaster            
00004771  Power_disablePolicy               
00004781  Power_enablePolicy                
00004791  SemaphoreP_Params_init            
000047a1  SwiP_Params_init                  
000047b1  SysCtl_A_getNMISourceStatus       
000047c1  SysCtl_getNMISourceStatus         
000047d1  TimerP_Params_init                
000047e1  adcOcupado                        
000047f1  QueueP_empty                      
000047ff  QueueP_remove                     
0000480d  __TI_decompress_none              
0000481b  gpioButtonFxn0                    
00004829  gpioButtonFxn1                    
00004837  Board_init                        
00004843  CPU_cpsid                         
0000484f  CPU_cpsie                         
0000485d  ClockP_doTick                     
00004869  Power_getConstraintMask           
00004875  TimerP_getFreq                    
00004881  TimerP_getMaxTicks                
0000488d  adcInit                           
00004899  __TI_zero_init                    
000048a5  HwiP_restore                      
000048ad  __aeabi_errno_addr                
000048b5  malloc                            
000048bd  QueueP_init                       
000048c3  ClockP_isActive                   
000048c7  HwiP_enable                       
000048c7  NoRTOS_start                      
000048cb  HwiP_post                         
000048cf  QueueP_head                       
000048d3  QueueP_next                       
000048d7  SemaphoreP_delete                 
000048db  TimerP_setPeriod                  
000048e7  _system_pre_init                  
000048eb  C$$EXIT                           
000048eb  abort                             
000048f0  _ctypes_                          
00004a44  PowerMSP432_config                
00004a7c  GPIOMSP432_config                 
00004ac0  __TI_static_base__                
00004ba8  __TI_Handler_Table_Base           
00004bb4  __TI_Handler_Table_Limit          
00004bc8  __TI_CINIT_Base                   
00004be0  __TI_CINIT_Limit                  
00008000  __SYSMEM_SIZE                     
20000000  __start___llvm_prf_cnts           
20000000  __stop___llvm_prf_cnts            
20000000  _sys_memory                       
20008140  PowerMSP432_perfLevels            
20008280  _ftable                           
20008370  _device                           
200083e8  _stream                           
20008438  PowerMSP432_module                
20008464  gpioCallbackFunctions             
20008474  gpioPinConfigs                    
20008484  __TI_ft_end                       
20008488  __aeabi_stdin                     
2000848c  __aeabi_stdout                    
20008490  __aeabi_stderr                    
20008494  __TI_cleanup_ptr                  
20008498  __TI_dtors_ptr                    
2000849c  __TI_enable_exit_profile_output   
200084ac  _lock                             
200084b0  _unlock                           
200084bc  SemaphoreP_defaultParams          
200084c8  ClockP_tickPeriod                 
200084cc  HwiP_key                          
200084d0  HwiP_swiPIntNum                   
200084d4  errno                             
200084e0  __CIOBUF_                         
200086a0  __TI_tmpnams                      
200087e8  parmbuf                           
200087fc  TemperaturaActual                 
20008800  g_pfnRAMVectors                   
2000f000  __stack                           
20010000  __STACK_END                       
4000480c  WDTCTL_SYM                        
ffffffff  __TI_pprof_out_hndl               
ffffffff  __TI_prof_data_size               
ffffffff  __TI_prof_data_start              
ffffffff  __binit__                         
ffffffff  __c_args__                        
ffffffff  binit                             
UNDEFED   __mpu_init                        
UNDEFED   _system_post_cinit                

[235 symbols]
