<?xml version="1.0" encoding="ISO-8859-1" ?>
<link_info>
   <banner>TI ARM Linker PC v20.2.6.LTS</banner>
   <copyright>Copyright (c) 1996-2018 Texas Instruments Incorporated</copyright>
   <link_time>0x62b2a797</link_time>
   <link_errors>0x0</link_errors>
   <output_file>gpiointerrupt_MSP_EXP432P401R_nortos_ccs.out</output_file>
   <entry_point>
      <name>resetISR</name>
      <address>0x4631</address>
   </entry_point>
   <input_file_list>
      <input_file id="fl-2">
         <path>.\</path>
         <kind>object</kind>
         <file>gpiointerrupt.obj</file>
         <name>gpiointerrupt.obj</name>
      </input_file>
      <input_file id="fl-3">
         <path>.\syscfg\</path>
         <kind>object</kind>
         <file>ti_drivers_config.obj</file>
         <name>ti_drivers_config.obj</name>
      </input_file>
      <input_file id="fl-4">
         <path>.\</path>
         <kind>object</kind>
         <file>main_nortos.obj</file>
         <name>main_nortos.obj</name>
      </input_file>
      <input_file id="fl-5">
         <path>.\Drivers\</path>
         <kind>object</kind>
         <file>ADC_MSP432.obj</file>
         <name>ADC_MSP432.obj</name>
      </input_file>
      <input_file id="fl-10">
         <kind>object</kind>
         <file>&lt;internal&gt;</file>
         <name>&lt;internal&gt;</name>
      </input_file>
      <input_file id="fl-11">
         <path>C:\ti\simplelink_msp432p4_sdk_3_40_01_02\source\ti\drivers\lib\</path>
         <kind>archive</kind>
         <file>drivers_msp432p401x.aem4f</file>
         <name>GPIOMSP432.oem4f</name>
      </input_file>
      <input_file id="fl-12">
         <path>C:\ti\simplelink_msp432p4_sdk_3_40_01_02\source\ti\drivers\lib\</path>
         <kind>archive</kind>
         <file>drivers_msp432p401x.aem4f</file>
         <name>PowerMSP432.oem4f</name>
      </input_file>
      <input_file id="fl-13">
         <path>C:\ti\simplelink_msp432p4_sdk_3_40_01_02\source\ti\drivers\lib\</path>
         <kind>archive</kind>
         <file>drivers_msp432p401x.aem4f</file>
         <name>List.oem4f</name>
      </input_file>
      <input_file id="fl-14">
         <path>C:\ti\simplelink_msp432p4_sdk_3_40_01_02\kernel\nortos\lib\</path>
         <kind>archive</kind>
         <file>nortos_msp432p401x.aem4f</file>
         <name>NoRTOS.oem4f</name>
      </input_file>
      <input_file id="fl-15">
         <path>C:\ti\simplelink_msp432p4_sdk_3_40_01_02\kernel\nortos\lib\</path>
         <kind>archive</kind>
         <file>nortos_msp432p401x.aem4f</file>
         <name>SemaphoreP_nortos.oem4f</name>
      </input_file>
      <input_file id="fl-16">
         <path>C:\ti\simplelink_msp432p4_sdk_3_40_01_02\kernel\nortos\lib\</path>
         <kind>archive</kind>
         <file>nortos_msp432p401x.aem4f</file>
         <name>PowerMSP432_nortos.oem4f</name>
      </input_file>
      <input_file id="fl-17">
         <path>C:\ti\simplelink_msp432p4_sdk_3_40_01_02\kernel\nortos\lib\</path>
         <kind>archive</kind>
         <file>nortos_msp432p401x.aem4f</file>
         <name>ClockPTimer_nortos.oem4f</name>
      </input_file>
      <input_file id="fl-18">
         <path>C:\ti\simplelink_msp432p4_sdk_3_40_01_02\kernel\nortos\lib\</path>
         <kind>archive</kind>
         <file>nortos_msp432p401x.aem4f</file>
         <name>TimerPMSP432_nortos.oem4f</name>
      </input_file>
      <input_file id="fl-19">
         <path>C:\ti\simplelink_msp432p4_sdk_3_40_01_02\kernel\nortos\lib\</path>
         <kind>archive</kind>
         <file>nortos_msp432p401x.aem4f</file>
         <name>HwiPMSP432_nortos.oem4f</name>
      </input_file>
      <input_file id="fl-1a">
         <path>C:\ti\simplelink_msp432p4_sdk_3_40_01_02\kernel\nortos\lib\</path>
         <kind>archive</kind>
         <file>nortos_msp432p401x.aem4f</file>
         <name>startup_msp432_ccs.oem4f</name>
      </input_file>
      <input_file id="fl-1b">
         <path>C:\ti\simplelink_msp432p4_sdk_3_40_01_02\kernel\nortos\lib\</path>
         <kind>archive</kind>
         <file>nortos_msp432p401x.aem4f</file>
         <name>QueueP_nortos.oem4f</name>
      </input_file>
      <input_file id="fl-1c">
         <path>C:\ti\simplelink_msp432p4_sdk_3_40_01_02\kernel\nortos\lib\</path>
         <kind>archive</kind>
         <file>nortos_msp432p401x.aem4f</file>
         <name>SwiP_nortos.oem4f</name>
      </input_file>
      <input_file id="fl-1d">
         <path>C:\ti\simplelink_msp432p4_sdk_3_40_01_02\source\ti\devices\msp432p4xx\driverlib\ccs\</path>
         <kind>archive</kind>
         <file>msp432p4xx_driverlib.lib</file>
         <name>cs.o</name>
      </input_file>
      <input_file id="fl-1e">
         <path>C:\ti\simplelink_msp432p4_sdk_3_40_01_02\source\ti\devices\msp432p4xx\driverlib\ccs\</path>
         <kind>archive</kind>
         <file>msp432p4xx_driverlib.lib</file>
         <name>interrupt.o</name>
      </input_file>
      <input_file id="fl-1f">
         <path>C:\ti\simplelink_msp432p4_sdk_3_40_01_02\source\ti\devices\msp432p4xx\driverlib\ccs\</path>
         <kind>archive</kind>
         <file>msp432p4xx_driverlib.lib</file>
         <name>sysctl.o</name>
      </input_file>
      <input_file id="fl-20">
         <path>C:\ti\simplelink_msp432p4_sdk_3_40_01_02\source\ti\devices\msp432p4xx\driverlib\ccs\</path>
         <kind>archive</kind>
         <file>msp432p4xx_driverlib.lib</file>
         <name>sysctl_a.o</name>
      </input_file>
      <input_file id="fl-21">
         <path>C:\ti\simplelink_msp432p4_sdk_3_40_01_02\source\ti\devices\msp432p4xx\driverlib\ccs\</path>
         <kind>archive</kind>
         <file>msp432p4xx_driverlib.lib</file>
         <name>cpu.o</name>
      </input_file>
      <input_file id="fl-d7">
         <path>C:\ti\ccs1120\ccs\tools\compiler\ti-cgt-arm_20.2.6.LTS\lib\</path>
         <kind>archive</kind>
         <file>rtsv7M4_T_le_v4SPD16_eabi.lib</file>
         <name>printf.c.obj</name>
      </input_file>
      <input_file id="fl-d8">
         <path>C:\ti\ccs1120\ccs\tools\compiler\ti-cgt-arm_20.2.6.LTS\lib\</path>
         <kind>archive</kind>
         <file>rtsv7M4_T_le_v4SPD16_eabi.lib</file>
         <name>_printfi.c.obj</name>
      </input_file>
      <input_file id="fl-d9">
         <path>C:\ti\ccs1120\ccs\tools\compiler\ti-cgt-arm_20.2.6.LTS\lib\</path>
         <kind>archive</kind>
         <file>rtsv7M4_T_le_v4SPD16_eabi.lib</file>
         <name>fputc.c.obj</name>
      </input_file>
      <input_file id="fl-da">
         <path>C:\ti\ccs1120\ccs\tools\compiler\ti-cgt-arm_20.2.6.LTS\lib\</path>
         <kind>archive</kind>
         <file>rtsv7M4_T_le_v4SPD16_eabi.lib</file>
         <name>fputs.c.obj</name>
      </input_file>
      <input_file id="fl-db">
         <path>C:\ti\ccs1120\ccs\tools\compiler\ti-cgt-arm_20.2.6.LTS\lib\</path>
         <kind>archive</kind>
         <file>rtsv7M4_T_le_v4SPD16_eabi.lib</file>
         <name>_io_perm.c.obj</name>
      </input_file>
      <input_file id="fl-dc">
         <path>C:\ti\ccs1120\ccs\tools\compiler\ti-cgt-arm_20.2.6.LTS\lib\</path>
         <kind>archive</kind>
         <file>rtsv7M4_T_le_v4SPD16_eabi.lib</file>
         <name>setvbuf.c.obj</name>
      </input_file>
      <input_file id="fl-dd">
         <path>C:\ti\ccs1120\ccs\tools\compiler\ti-cgt-arm_20.2.6.LTS\lib\</path>
         <kind>archive</kind>
         <file>rtsv7M4_T_le_v4SPD16_eabi.lib</file>
         <name>fd_add_t2.asm.obj</name>
      </input_file>
      <input_file id="fl-de">
         <path>C:\ti\ccs1120\ccs\tools\compiler\ti-cgt-arm_20.2.6.LTS\lib\</path>
         <kind>archive</kind>
         <file>rtsv7M4_T_le_v4SPD16_eabi.lib</file>
         <name>fd_cmp_t2.asm.obj</name>
      </input_file>
      <input_file id="fl-df">
         <path>C:\ti\ccs1120\ccs\tools\compiler\ti-cgt-arm_20.2.6.LTS\lib\</path>
         <kind>archive</kind>
         <file>rtsv7M4_T_le_v4SPD16_eabi.lib</file>
         <name>fd_div_t2.asm.obj</name>
      </input_file>
      <input_file id="fl-e0">
         <path>C:\ti\ccs1120\ccs\tools\compiler\ti-cgt-arm_20.2.6.LTS\lib\</path>
         <kind>archive</kind>
         <file>rtsv7M4_T_le_v4SPD16_eabi.lib</file>
         <name>fd_mul_t2.asm.obj</name>
      </input_file>
      <input_file id="fl-e1">
         <path>C:\ti\ccs1120\ccs\tools\compiler\ti-cgt-arm_20.2.6.LTS\lib\</path>
         <kind>archive</kind>
         <file>rtsv7M4_T_le_v4SPD16_eabi.lib</file>
         <name>fd_toi_t2.asm.obj</name>
      </input_file>
      <input_file id="fl-e2">
         <path>C:\ti\ccs1120\ccs\tools\compiler\ti-cgt-arm_20.2.6.LTS\lib\</path>
         <kind>archive</kind>
         <file>rtsv7M4_T_le_v4SPD16_eabi.lib</file>
         <name>fs_tod_t2.asm.obj</name>
      </input_file>
      <input_file id="fl-e3">
         <path>C:\ti\ccs1120\ccs\tools\compiler\ti-cgt-arm_20.2.6.LTS\lib\</path>
         <kind>archive</kind>
         <file>rtsv7M4_T_le_v4SPD16_eabi.lib</file>
         <name>i_tofd_t2.asm.obj</name>
      </input_file>
      <input_file id="fl-e4">
         <path>C:\ti\ccs1120\ccs\tools\compiler\ti-cgt-arm_20.2.6.LTS\lib\</path>
         <kind>archive</kind>
         <file>rtsv7M4_T_le_v4SPD16_eabi.lib</file>
         <name>memcpy_t2.asm.obj</name>
      </input_file>
      <input_file id="fl-e5">
         <path>C:\ti\ccs1120\ccs\tools\compiler\ti-cgt-arm_20.2.6.LTS\lib\</path>
         <kind>archive</kind>
         <file>rtsv7M4_T_le_v4SPD16_eabi.lib</file>
         <name>memset_t2.asm.obj</name>
      </input_file>
      <input_file id="fl-e6">
         <path>C:\ti\ccs1120\ccs\tools\compiler\ti-cgt-arm_20.2.6.LTS\lib\</path>
         <kind>archive</kind>
         <file>rtsv7M4_T_le_v4SPD16_eabi.lib</file>
         <name>ull_div_t2.asm.obj</name>
      </input_file>
      <input_file id="fl-e7">
         <path>C:\ti\ccs1120\ccs\tools\compiler\ti-cgt-arm_20.2.6.LTS\lib\</path>
         <kind>archive</kind>
         <file>rtsv7M4_T_le_v4SPD16_eabi.lib</file>
         <name>copy_zero_init.c.obj</name>
      </input_file>
      <input_file id="fl-e8">
         <path>C:\ti\ccs1120\ccs\tools\compiler\ti-cgt-arm_20.2.6.LTS\lib\</path>
         <kind>archive</kind>
         <file>rtsv7M4_T_le_v4SPD16_eabi.lib</file>
         <name>copy_decompress_none.c.obj</name>
      </input_file>
      <input_file id="fl-e9">
         <path>C:\ti\ccs1120\ccs\tools\compiler\ti-cgt-arm_20.2.6.LTS\lib\</path>
         <kind>archive</kind>
         <file>rtsv7M4_T_le_v4SPD16_eabi.lib</file>
         <name>copy_decompress_lzss.c.obj</name>
      </input_file>
      <input_file id="fl-ea">
         <path>C:\ti\ccs1120\ccs\tools\compiler\ti-cgt-arm_20.2.6.LTS\lib\</path>
         <kind>archive</kind>
         <file>rtsv7M4_T_le_v4SPD16_eabi.lib</file>
         <name>exit.c.obj</name>
      </input_file>
      <input_file id="fl-eb">
         <path>C:\ti\ccs1120\ccs\tools\compiler\ti-cgt-arm_20.2.6.LTS\lib\</path>
         <kind>archive</kind>
         <file>rtsv7M4_T_le_v4SPD16_eabi.lib</file>
         <name>_lock.c.obj</name>
      </input_file>
      <input_file id="fl-ec">
         <path>C:\ti\ccs1120\ccs\tools\compiler\ti-cgt-arm_20.2.6.LTS\lib\</path>
         <kind>archive</kind>
         <file>rtsv7M4_T_le_v4SPD16_eabi.lib</file>
         <name>_ltoa.c.obj</name>
      </input_file>
      <input_file id="fl-ed">
         <path>C:\ti\ccs1120\ccs\tools\compiler\ti-cgt-arm_20.2.6.LTS\lib\</path>
         <kind>archive</kind>
         <file>rtsv7M4_T_le_v4SPD16_eabi.lib</file>
         <name>atoi.c.obj</name>
      </input_file>
      <input_file id="fl-ee">
         <path>C:\ti\ccs1120\ccs\tools\compiler\ti-cgt-arm_20.2.6.LTS\lib\</path>
         <kind>archive</kind>
         <file>rtsv7M4_T_le_v4SPD16_eabi.lib</file>
         <name>ctype.c.obj</name>
      </input_file>
      <input_file id="fl-ef">
         <path>C:\ti\ccs1120\ccs\tools\compiler\ti-cgt-arm_20.2.6.LTS\lib\</path>
         <kind>archive</kind>
         <file>rtsv7M4_T_le_v4SPD16_eabi.lib</file>
         <name>defs.c.obj</name>
      </input_file>
      <input_file id="fl-f0">
         <path>C:\ti\ccs1120\ccs\tools\compiler\ti-cgt-arm_20.2.6.LTS\lib\</path>
         <kind>archive</kind>
         <file>rtsv7M4_T_le_v4SPD16_eabi.lib</file>
         <name>memccpy.c.obj</name>
      </input_file>
      <input_file id="fl-f1">
         <path>C:\ti\ccs1120\ccs\tools\compiler\ti-cgt-arm_20.2.6.LTS\lib\</path>
         <kind>archive</kind>
         <file>rtsv7M4_T_le_v4SPD16_eabi.lib</file>
         <name>memchr.c.obj</name>
      </input_file>
      <input_file id="fl-f2">
         <path>C:\ti\ccs1120\ccs\tools\compiler\ti-cgt-arm_20.2.6.LTS\lib\</path>
         <kind>archive</kind>
         <file>rtsv7M4_T_le_v4SPD16_eabi.lib</file>
         <name>memory.c.obj</name>
      </input_file>
      <input_file id="fl-f3">
         <path>C:\ti\ccs1120\ccs\tools\compiler\ti-cgt-arm_20.2.6.LTS\lib\</path>
         <kind>archive</kind>
         <file>rtsv7M4_T_le_v4SPD16_eabi.lib</file>
         <name>strchr.c.obj</name>
      </input_file>
      <input_file id="fl-f4">
         <path>C:\ti\ccs1120\ccs\tools\compiler\ti-cgt-arm_20.2.6.LTS\lib\</path>
         <kind>archive</kind>
         <file>rtsv7M4_T_le_v4SPD16_eabi.lib</file>
         <name>strlen.c.obj</name>
      </input_file>
      <input_file id="fl-f5">
         <path>C:\ti\ccs1120\ccs\tools\compiler\ti-cgt-arm_20.2.6.LTS\lib\</path>
         <kind>archive</kind>
         <file>rtsv7M4_T_le_v4SPD16_eabi.lib</file>
         <name>write.c.obj</name>
      </input_file>
      <input_file id="fl-f6">
         <path>C:\ti\ccs1120\ccs\tools\compiler\ti-cgt-arm_20.2.6.LTS\lib\</path>
         <kind>archive</kind>
         <file>rtsv7M4_T_le_v4SPD16_eabi.lib</file>
         <name>host_device.c.obj</name>
      </input_file>
      <input_file id="fl-f7">
         <path>C:\ti\ccs1120\ccs\tools\compiler\ti-cgt-arm_20.2.6.LTS\lib\</path>
         <kind>archive</kind>
         <file>rtsv7M4_T_le_v4SPD16_eabi.lib</file>
         <name>errno.c.obj</name>
      </input_file>
      <input_file id="fl-f8">
         <path>C:\ti\ccs1120\ccs\tools\compiler\ti-cgt-arm_20.2.6.LTS\lib\</path>
         <kind>archive</kind>
         <file>rtsv7M4_T_le_v4SPD16_eabi.lib</file>
         <name>boot_cortex_m.c.obj</name>
      </input_file>
      <input_file id="fl-f9">
         <path>C:\ti\ccs1120\ccs\tools\compiler\ti-cgt-arm_20.2.6.LTS\lib\</path>
         <kind>archive</kind>
         <file>rtsv7M4_T_le_v4SPD16_eabi.lib</file>
         <name>s_frexp.c.obj</name>
      </input_file>
      <input_file id="fl-fa">
         <path>C:\ti\ccs1120\ccs\tools\compiler\ti-cgt-arm_20.2.6.LTS\lib\</path>
         <kind>archive</kind>
         <file>rtsv7M4_T_le_v4SPD16_eabi.lib</file>
         <name>s_scalbn.c.obj</name>
      </input_file>
      <input_file id="fl-fb">
         <path>C:\ti\ccs1120\ccs\tools\compiler\ti-cgt-arm_20.2.6.LTS\lib\</path>
         <kind>archive</kind>
         <file>rtsv7M4_T_le_v4SPD16_eabi.lib</file>
         <name>s_copysign.c.obj</name>
      </input_file>
      <input_file id="fl-fc">
         <path>C:\ti\ccs1120\ccs\tools\compiler\ti-cgt-arm_20.2.6.LTS\lib\</path>
         <kind>archive</kind>
         <file>rtsv7M4_T_le_v4SPD16_eabi.lib</file>
         <name>wcslen.c.obj</name>
      </input_file>
      <input_file id="fl-fd">
         <path>C:\ti\ccs1120\ccs\tools\compiler\ti-cgt-arm_20.2.6.LTS\lib\</path>
         <kind>archive</kind>
         <file>rtsv7M4_T_le_v4SPD16_eabi.lib</file>
         <name>fflush.c.obj</name>
      </input_file>
      <input_file id="fl-fe">
         <path>C:\ti\ccs1120\ccs\tools\compiler\ti-cgt-arm_20.2.6.LTS\lib\</path>
         <kind>archive</kind>
         <file>rtsv7M4_T_le_v4SPD16_eabi.lib</file>
         <name>fopen.c.obj</name>
      </input_file>
      <input_file id="fl-ff">
         <path>C:\ti\ccs1120\ccs\tools\compiler\ti-cgt-arm_20.2.6.LTS\lib\</path>
         <kind>archive</kind>
         <file>rtsv7M4_T_le_v4SPD16_eabi.lib</file>
         <name>fseek.c.obj</name>
      </input_file>
      <input_file id="fl-100">
         <path>C:\ti\ccs1120\ccs\tools\compiler\ti-cgt-arm_20.2.6.LTS\lib\</path>
         <kind>archive</kind>
         <file>rtsv7M4_T_le_v4SPD16_eabi.lib</file>
         <name>div0.asm.obj</name>
      </input_file>
      <input_file id="fl-101">
         <path>C:\ti\ccs1120\ccs\tools\compiler\ti-cgt-arm_20.2.6.LTS\lib\</path>
         <kind>archive</kind>
         <file>rtsv7M4_T_le_v4SPD16_eabi.lib</file>
         <name>autoinit.c.obj</name>
      </input_file>
      <input_file id="fl-102">
         <path>C:\ti\ccs1120\ccs\tools\compiler\ti-cgt-arm_20.2.6.LTS\lib\</path>
         <kind>archive</kind>
         <file>rtsv7M4_T_le_v4SPD16_eabi.lib</file>
         <name>pre_init.c.obj</name>
      </input_file>
      <input_file id="fl-103">
         <path>C:\ti\ccs1120\ccs\tools\compiler\ti-cgt-arm_20.2.6.LTS\lib\</path>
         <kind>archive</kind>
         <file>rtsv7M4_T_le_v4SPD16_eabi.lib</file>
         <name>cpy_tbl.c.obj</name>
      </input_file>
      <input_file id="fl-104">
         <path>C:\ti\ccs1120\ccs\tools\compiler\ti-cgt-arm_20.2.6.LTS\lib\</path>
         <kind>archive</kind>
         <file>rtsv7M4_T_le_v4SPD16_eabi.lib</file>
         <name>args_main.c.obj</name>
      </input_file>
      <input_file id="fl-105">
         <path>C:\ti\ccs1120\ccs\tools\compiler\ti-cgt-arm_20.2.6.LTS\lib\</path>
         <kind>archive</kind>
         <file>rtsv7M4_T_le_v4SPD16_eabi.lib</file>
         <name>hostclose.c.obj</name>
      </input_file>
      <input_file id="fl-106">
         <path>C:\ti\ccs1120\ccs\tools\compiler\ti-cgt-arm_20.2.6.LTS\lib\</path>
         <kind>archive</kind>
         <file>rtsv7M4_T_le_v4SPD16_eabi.lib</file>
         <name>hostlseek.c.obj</name>
      </input_file>
      <input_file id="fl-107">
         <path>C:\ti\ccs1120\ccs\tools\compiler\ti-cgt-arm_20.2.6.LTS\lib\</path>
         <kind>archive</kind>
         <file>rtsv7M4_T_le_v4SPD16_eabi.lib</file>
         <name>hostopen.c.obj</name>
      </input_file>
      <input_file id="fl-108">
         <path>C:\ti\ccs1120\ccs\tools\compiler\ti-cgt-arm_20.2.6.LTS\lib\</path>
         <kind>archive</kind>
         <file>rtsv7M4_T_le_v4SPD16_eabi.lib</file>
         <name>hostread.c.obj</name>
      </input_file>
      <input_file id="fl-109">
         <path>C:\ti\ccs1120\ccs\tools\compiler\ti-cgt-arm_20.2.6.LTS\lib\</path>
         <kind>archive</kind>
         <file>rtsv7M4_T_le_v4SPD16_eabi.lib</file>
         <name>hostrename.c.obj</name>
      </input_file>
      <input_file id="fl-10a">
         <path>C:\ti\ccs1120\ccs\tools\compiler\ti-cgt-arm_20.2.6.LTS\lib\</path>
         <kind>archive</kind>
         <file>rtsv7M4_T_le_v4SPD16_eabi.lib</file>
         <name>hostunlink.c.obj</name>
      </input_file>
      <input_file id="fl-10b">
         <path>C:\ti\ccs1120\ccs\tools\compiler\ti-cgt-arm_20.2.6.LTS\lib\</path>
         <kind>archive</kind>
         <file>rtsv7M4_T_le_v4SPD16_eabi.lib</file>
         <name>hostwrite.c.obj</name>
      </input_file>
      <input_file id="fl-10c">
         <path>C:\ti\ccs1120\ccs\tools\compiler\ti-cgt-arm_20.2.6.LTS\lib\</path>
         <kind>archive</kind>
         <file>rtsv7M4_T_le_v4SPD16_eabi.lib</file>
         <name>trgmsg.c.obj</name>
      </input_file>
      <input_file id="fl-10d">
         <path>C:\ti\ccs1120\ccs\tools\compiler\ti-cgt-arm_20.2.6.LTS\lib\</path>
         <kind>archive</kind>
         <file>rtsv7M4_T_le_v4SPD16_eabi.lib</file>
         <name>open.c.obj</name>
      </input_file>
      <input_file id="fl-10e">
         <path>C:\ti\ccs1120\ccs\tools\compiler\ti-cgt-arm_20.2.6.LTS\lib\</path>
         <kind>archive</kind>
         <file>rtsv7M4_T_le_v4SPD16_eabi.lib</file>
         <name>lseek.c.obj</name>
      </input_file>
      <input_file id="fl-10f">
         <path>C:\ti\ccs1120\ccs\tools\compiler\ti-cgt-arm_20.2.6.LTS\lib\</path>
         <kind>archive</kind>
         <file>rtsv7M4_T_le_v4SPD16_eabi.lib</file>
         <name>fclose.c.obj</name>
      </input_file>
      <input_file id="fl-110">
         <path>C:\ti\ccs1120\ccs\tools\compiler\ti-cgt-arm_20.2.6.LTS\lib\</path>
         <kind>archive</kind>
         <file>rtsv7M4_T_le_v4SPD16_eabi.lib</file>
         <name>getdevice.c.obj</name>
      </input_file>
      <input_file id="fl-111">
         <path>C:\ti\ccs1120\ccs\tools\compiler\ti-cgt-arm_20.2.6.LTS\lib\</path>
         <kind>archive</kind>
         <file>rtsv7M4_T_le_v4SPD16_eabi.lib</file>
         <name>strcmp.c.obj</name>
      </input_file>
      <input_file id="fl-112">
         <path>C:\ti\ccs1120\ccs\tools\compiler\ti-cgt-arm_20.2.6.LTS\lib\</path>
         <kind>archive</kind>
         <file>rtsv7M4_T_le_v4SPD16_eabi.lib</file>
         <name>strcpy.c.obj</name>
      </input_file>
      <input_file id="fl-113">
         <path>C:\ti\ccs1120\ccs\tools\compiler\ti-cgt-arm_20.2.6.LTS\lib\</path>
         <kind>archive</kind>
         <file>rtsv7M4_T_le_v4SPD16_eabi.lib</file>
         <name>strncpy.c.obj</name>
      </input_file>
      <input_file id="fl-114">
         <path>C:\ti\ccs1120\ccs\tools\compiler\ti-cgt-arm_20.2.6.LTS\lib\</path>
         <kind>archive</kind>
         <file>rtsv7M4_T_le_v4SPD16_eabi.lib</file>
         <name>remove.c.obj</name>
      </input_file>
      <input_file id="fl-115">
         <path>C:\ti\ccs1120\ccs\tools\compiler\ti-cgt-arm_20.2.6.LTS\lib\</path>
         <kind>archive</kind>
         <file>rtsv7M4_T_le_v4SPD16_eabi.lib</file>
         <name>close.c.obj</name>
      </input_file>
      <input_file id="fl-116">
         <path>C:\ti\ccs1120\ccs\tools\compiler\ti-cgt-arm_20.2.6.LTS\lib\</path>
         <kind>archive</kind>
         <file>rtsv7M4_T_le_v4SPD16_eabi.lib</file>
         <name>unlink.c.obj</name>
      </input_file>
   </input_file_list>
   <object_component_list>
      <object_component id="oc-217">
         <name>.text:__TI_printfi</name>
         <load_address>0x144</load_address>
         <run_address>0x144</run_address>
         <size>0xa4e</size>
         <input_file_ref idref="fl-d8"/>
      </object_component>
      <object_component id="oc-1c9">
         <name>.text:Board_initHook</name>
         <load_address>0xb92</load_address>
         <run_address>0xb92</run_address>
         <size>0x2</size>
         <input_file_ref idref="fl-3"/>
      </object_component>
      <object_component id="oc-540">
         <name>.text:Power_sleep</name>
         <load_address>0xb94</load_address>
         <run_address>0xb94</run_address>
         <size>0x2f8</size>
         <input_file_ref idref="fl-12"/>
      </object_component>
      <object_component id="oc-269">
         <name>.text:initPerfControl</name>
         <load_address>0xe8c</load_address>
         <run_address>0xe8c</run_address>
         <size>0x288</size>
         <input_file_ref idref="fl-12"/>
      </object_component>
      <object_component id="oc-309">
         <name>.text:_pconv_a</name>
         <load_address>0x1114</load_address>
         <run_address>0x1114</run_address>
         <size>0x270</size>
         <input_file_ref idref="fl-d8"/>
      </object_component>
      <object_component id="oc-2f7">
         <name>.text:_pconv_g</name>
         <load_address>0x1384</load_address>
         <run_address>0x1384</run_address>
         <size>0x1d0</size>
         <input_file_ref idref="fl-d8"/>
      </object_component>
      <object_component id="oc-440">
         <name>.text</name>
         <load_address>0x1554</load_address>
         <run_address>0x1554</run_address>
         <size>0x1b6</size>
         <input_file_ref idref="fl-dd"/>
      </object_component>
      <object_component id="oc-3a6">
         <name>.text:PowerMSP432_initPolicy</name>
         <load_address>0x170a</load_address>
         <run_address>0x170a</run_address>
         <size>0x2</size>
         <input_file_ref idref="fl-16"/>
      </object_component>
      <object_component id="oc-1dd">
         <name>.text:GPIO_setConfig</name>
         <load_address>0x170c</load_address>
         <run_address>0x170c</run_address>
         <size>0x170</size>
         <input_file_ref idref="fl-11"/>
      </object_component>
      <object_component id="oc-303">
         <name>.text:_pconv_e</name>
         <load_address>0x187c</load_address>
         <run_address>0x187c</run_address>
         <size>0x13c</size>
         <input_file_ref idref="fl-d8"/>
      </object_component>
      <object_component id="oc-426">
         <name>.text</name>
         <load_address>0x19b8</load_address>
         <run_address>0x19b8</run_address>
         <size>0x136</size>
         <input_file_ref idref="fl-df"/>
      </object_component>
      <object_component id="oc-37f">
         <name>.text:PowerMSP432_updateFreqs</name>
         <load_address>0x1aee</load_address>
         <run_address>0x1aee</run_address>
         <size>0x2</size>
         <input_file_ref idref="fl-16"/>
      </object_component>
      <object_component id="oc-452">
         <name>.text:fcvt</name>
         <load_address>0x1af0</load_address>
         <run_address>0x1af0</run_address>
         <size>0x124</size>
         <input_file_ref idref="fl-d8"/>
      </object_component>
      <object_component id="oc-33b">
         <name>.text:fputs</name>
         <load_address>0x1c14</load_address>
         <run_address>0x1c14</run_address>
         <size>0x114</size>
         <input_file_ref idref="fl-da"/>
      </object_component>
      <object_component id="oc-466">
         <name>.text:scalbn</name>
         <load_address>0x1d28</load_address>
         <run_address>0x1d28</run_address>
         <size>0x110</size>
         <input_file_ref idref="fl-fa"/>
      </object_component>
      <object_component id="oc-500">
         <name>.text:aligned_alloc</name>
         <load_address>0x1e38</load_address>
         <run_address>0x1e38</run_address>
         <size>0x100</size>
         <input_file_ref idref="fl-f2"/>
      </object_component>
      <object_component id="oc-421">
         <name>.text</name>
         <load_address>0x1f38</load_address>
         <run_address>0x1f38</run_address>
         <size>0xfc</size>
         <input_file_ref idref="fl-e0"/>
      </object_component>
      <object_component id="oc-373">
         <name>.text:CS_startHFXTWithTimeout</name>
         <load_address>0x2034</load_address>
         <run_address>0x2034</run_address>
         <size>0xe4</size>
         <input_file_ref idref="fl-1d"/>
      </object_component>
      <object_component id="oc-39d">
         <name>.text:free</name>
         <load_address>0x2118</load_address>
         <run_address>0x2118</run_address>
         <size>0xe4</size>
         <input_file_ref idref="fl-f2"/>
      </object_component>
      <object_component id="oc-379">
         <name>.text:CS_startLFXTWithTimeout</name>
         <load_address>0x21fc</load_address>
         <run_address>0x21fc</run_address>
         <size>0xe0</size>
         <input_file_ref idref="fl-1d"/>
      </object_component>
      <object_component id="oc-709">
         <name>.text:TimerP_construct</name>
         <load_address>0x22dc</load_address>
         <run_address>0x22dc</run_address>
         <size>0xe0</size>
         <input_file_ref idref="fl-18"/>
      </object_component>
      <object_component id="oc-4d0">
         <name>.text:_CSGetHFXTFrequency</name>
         <load_address>0x23bc</load_address>
         <run_address>0x23bc</run_address>
         <size>0xdc</size>
         <input_file_ref idref="fl-1d"/>
      </object_component>
      <object_component id="oc-5e3">
         <name>.text:setvbuf</name>
         <load_address>0x2498</load_address>
         <run_address>0x2498</run_address>
         <size>0xdc</size>
         <input_file_ref idref="fl-dc"/>
      </object_component>
      <object_component id="oc-6fd">
         <name>.text:SwiP_construct</name>
         <load_address>0x2574</load_address>
         <run_address>0x2574</run_address>
         <size>0xd8</size>
         <input_file_ref idref="fl-1c"/>
      </object_component>
      <object_component id="oc-650">
         <name>.text:ClockP_startup</name>
         <load_address>0x264c</load_address>
         <run_address>0x264c</run_address>
         <size>0xb4</size>
         <input_file_ref idref="fl-17"/>
      </object_component>
      <object_component id="oc-2ec">
         <name>.text:_ltostr</name>
         <load_address>0x2700</load_address>
         <run_address>0x2700</run_address>
         <size>0xb1</size>
         <input_file_ref idref="fl-d8"/>
      </object_component>
      <object_component id="oc-32d">
         <name>.text:_nop</name>
         <load_address>0x27b2</load_address>
         <run_address>0x27b2</run_address>
         <size>0x2</size>
         <input_file_ref idref="fl-eb"/>
      </object_component>
      <object_component id="oc-71e">
         <name>.text:ClockP_workFuncDynamic</name>
         <load_address>0x27b4</load_address>
         <run_address>0x27b4</run_address>
         <size>0xac</size>
         <input_file_ref idref="fl-17"/>
      </object_component>
      <object_component id="oc-1d7">
         <name>.text:GPIO_init</name>
         <load_address>0x2860</load_address>
         <run_address>0x2860</run_address>
         <size>0xac</size>
         <input_file_ref idref="fl-11"/>
      </object_component>
      <object_component id="oc-2a2">
         <name>.text:SemaphoreP_pend</name>
         <load_address>0x290c</load_address>
         <run_address>0x290c</run_address>
         <size>0xa0</size>
         <input_file_ref idref="fl-15"/>
      </object_component>
      <object_component id="oc-1c3">
         <name>.text:Power_init</name>
         <load_address>0x29ac</load_address>
         <run_address>0x29ac</run_address>
         <size>0x9c</size>
         <input_file_ref idref="fl-12"/>
      </object_component>
      <object_component id="oc-817">
         <name>.text:SwiP_dispatch</name>
         <load_address>0x2a48</load_address>
         <run_address>0x2a48</run_address>
         <size>0x9c</size>
         <input_file_ref idref="fl-1c"/>
      </object_component>
      <object_component id="oc-3a">
         <name>.text</name>
         <load_address>0x2ae4</load_address>
         <run_address>0x2ae4</run_address>
         <size>0x9c</size>
         <input_file_ref idref="fl-e4"/>
      </object_component>
      <object_component id="oc-41a">
         <name>.text</name>
         <load_address>0x2b80</load_address>
         <run_address>0x2b80</run_address>
         <size>0x96</size>
         <input_file_ref idref="fl-e6"/>
      </object_component>
      <object_component id="oc-6c">
         <name>.text:busFaultISR</name>
         <load_address>0x2c16</load_address>
         <run_address>0x2c16</run_address>
         <size>0x2</size>
         <input_file_ref idref="fl-1a"/>
      </object_component>
      <object_component id="oc-342">
         <name>.text:fputc</name>
         <load_address>0x2c18</load_address>
         <run_address>0x2c18</run_address>
         <size>0x8c</size>
         <input_file_ref idref="fl-d9"/>
      </object_component>
      <object_component id="oc-2f2">
         <name>.text:__aeabi_cdcmple</name>
         <load_address>0x2ca4</load_address>
         <run_address>0x2ca4</run_address>
         <size>0x86</size>
         <input_file_ref idref="fl-de"/>
      </object_component>
      <object_component id="oc-42b">
         <name>.text:__aeabi_cdrcmple</name>
         <load_address>0x2d2a</load_address>
         <run_address>0x2d2a</run_address>
         <size>0x86</size>
         <input_file_ref idref="fl-de"/>
      </object_component>
      <object_component id="oc-145">
         <name>.text:ADC_GetTemperature</name>
         <load_address>0x2db0</load_address>
         <run_address>0x2db0</run_address>
         <size>0x84</size>
         <input_file_ref idref="fl-5"/>
      </object_component>
      <object_component id="oc-634">
         <name>.text:restartHFXT</name>
         <load_address>0x2e34</load_address>
         <run_address>0x2e34</run_address>
         <size>0x84</size>
         <input_file_ref idref="fl-12"/>
      </object_component>
      <object_component id="oc-3cd">
         <name>.text:ClockP_start</name>
         <load_address>0x2eb8</load_address>
         <run_address>0x2eb8</run_address>
         <size>0x80</size>
         <input_file_ref idref="fl-17"/>
      </object_component>
      <object_component id="oc-513">
         <name>.text:Interrupt_enableInterrupt</name>
         <load_address>0x2f38</load_address>
         <run_address>0x2f38</run_address>
         <size>0x80</size>
         <input_file_ref idref="fl-1e"/>
      </object_component>
      <object_component id="oc-90">
         <name>.text</name>
         <load_address>0x2fb8</load_address>
         <run_address>0x2fb8</run_address>
         <size>0x7a</size>
         <input_file_ref idref="fl-e5"/>
      </object_component>
      <object_component id="oc-3e5">
         <name>.text:clkFxn</name>
         <load_address>0x3032</load_address>
         <run_address>0x3032</run_address>
         <size>0x2</size>
         <input_file_ref idref="fl-15"/>
      </object_component>
      <object_component id="oc-7bf">
         <name>.text:ClockP_walkQueueDynamic</name>
         <load_address>0x3034</load_address>
         <run_address>0x3034</run_address>
         <size>0x78</size>
         <input_file_ref idref="fl-17"/>
      </object_component>
      <object_component id="oc-740">
         <name>.text:__TI_closefile</name>
         <load_address>0x30ac</load_address>
         <run_address>0x30ac</run_address>
         <size>0x74</size>
         <input_file_ref idref="fl-10f"/>
      </object_component>
      <object_component id="oc-397">
         <name>.text:HwiP_construct</name>
         <load_address>0x3120</load_address>
         <run_address>0x3120</run_address>
         <size>0x70</size>
         <input_file_ref idref="fl-19"/>
      </object_component>
      <object_component id="oc-600">
         <name>.text:split</name>
         <load_address>0x3190</load_address>
         <run_address>0x3190</run_address>
         <size>0x70</size>
         <input_file_ref idref="fl-f2"/>
      </object_component>
      <object_component id="oc-44b">
         <name>.text:_mcpy</name>
         <load_address>0x3200</load_address>
         <run_address>0x3200</run_address>
         <size>0x6e</size>
         <input_file_ref idref="fl-d8"/>
      </object_component>
      <object_component id="oc-66">
         <name>.text:defaultISR</name>
         <load_address>0x326e</load_address>
         <run_address>0x326e</run_address>
         <size>0x2</size>
         <input_file_ref idref="fl-1a"/>
      </object_component>
      <object_component id="oc-770">
         <name>.text:HOSTrename</name>
         <load_address>0x3270</load_address>
         <run_address>0x3270</run_address>
         <size>0x6c</size>
         <input_file_ref idref="fl-109"/>
      </object_component>
      <object_component id="oc-57b">
         <name>.text:TimerP_getCurrentTick</name>
         <load_address>0x32dc</load_address>
         <run_address>0x32dc</run_address>
         <size>0x6c</size>
         <input_file_ref idref="fl-18"/>
      </object_component>
      <object_component id="oc-2bc">
         <name>.text:GPIO_hwiIntFxn</name>
         <load_address>0x3348</load_address>
         <run_address>0x3348</run_address>
         <size>0x68</size>
         <input_file_ref idref="fl-11"/>
      </object_component>
      <object_component id="oc-764">
         <name>.text:HOSTlseek</name>
         <load_address>0x33b0</load_address>
         <run_address>0x33b0</run_address>
         <size>0x68</size>
         <input_file_ref idref="fl-106"/>
      </object_component>
      <object_component id="oc-6e2">
         <name>.text:Interrupt_pendInterrupt</name>
         <load_address>0x3418</load_address>
         <run_address>0x3418</run_address>
         <size>0x68</size>
         <input_file_ref idref="fl-1e"/>
      </object_component>
      <object_component id="oc-7c6">
         <name>.text:SwiP_post</name>
         <load_address>0x3480</load_address>
         <run_address>0x3480</run_address>
         <size>0x68</size>
         <input_file_ref idref="fl-1c"/>
      </object_component>
      <object_component id="oc-12">
         <name>.text:decompress:lzss:__TI_decompress_lzss</name>
         <load_address>0x34e8</load_address>
         <run_address>0x34e8</run_address>
         <size>0x68</size>
         <input_file_ref idref="fl-e9"/>
      </object_component>
      <object_component id="oc-150">
         <name>.text:printf</name>
         <load_address>0x3550</load_address>
         <run_address>0x3550</run_address>
         <size>0x68</size>
         <input_file_ref idref="fl-d7"/>
      </object_component>
      <object_component id="oc-460">
         <name>.text:frexp</name>
         <load_address>0x35b8</load_address>
         <run_address>0x35b8</run_address>
         <size>0x64</size>
         <input_file_ref idref="fl-f9"/>
      </object_component>
      <object_component id="oc-5dd">
         <name>.text:fseek</name>
         <load_address>0x361c</load_address>
         <run_address>0x361c</run_address>
         <size>0x64</size>
         <input_file_ref idref="fl-ff"/>
      </object_component>
      <object_component id="oc-f6">
         <name>.text:main</name>
         <load_address>0x3680</load_address>
         <run_address>0x3680</run_address>
         <size>0x64</size>
         <input_file_ref idref="fl-4"/>
      </object_component>
      <object_component id="oc-497">
         <name>.text:__TI_wrt_ok</name>
         <load_address>0x36e4</load_address>
         <run_address>0x36e4</run_address>
         <size>0x62</size>
         <input_file_ref idref="fl-db"/>
      </object_component>
      <object_component id="oc-60">
         <name>.text:faultISR</name>
         <load_address>0x3746</load_address>
         <run_address>0x3746</run_address>
         <size>0x2</size>
         <input_file_ref idref="fl-1a"/>
      </object_component>
      <object_component id="oc-1e9">
         <name>.text:GPIO_setCallback</name>
         <load_address>0x3748</load_address>
         <run_address>0x3748</run_address>
         <size>0x60</size>
         <input_file_ref idref="fl-11"/>
      </object_component>
      <object_component id="oc-74c">
         <name>.text:HOSTopen</name>
         <load_address>0x37a8</load_address>
         <run_address>0x37a8</run_address>
         <size>0x60</size>
         <input_file_ref idref="fl-107"/>
      </object_component>
      <object_component id="oc-507">
         <name>.text:Interrupt_registerInterrupt</name>
         <load_address>0x3808</load_address>
         <run_address>0x3808</run_address>
         <size>0x5c</size>
         <input_file_ref idref="fl-1e"/>
      </object_component>
      <object_component id="oc-7d3">
         <name>.text:close</name>
         <load_address>0x3864</load_address>
         <run_address>0x3864</run_address>
         <size>0x5c</size>
         <input_file_ref idref="fl-115"/>
      </object_component>
      <object_component id="oc-13f">
         <name>.text:mainThread</name>
         <load_address>0x38c0</load_address>
         <run_address>0x38c0</run_address>
         <size>0x5c</size>
         <input_file_ref idref="fl-2"/>
      </object_component>
      <object_component id="oc-1e3">
         <name>.text:GPIO_write</name>
         <load_address>0x391c</load_address>
         <run_address>0x391c</run_address>
         <size>0x58</size>
         <input_file_ref idref="fl-11"/>
      </object_component>
      <object_component id="oc-758">
         <name>.text:HOSTread</name>
         <load_address>0x3974</load_address>
         <run_address>0x3974</run_address>
         <size>0x58</size>
         <input_file_ref idref="fl-108"/>
      </object_component>
      <object_component id="oc-75e">
         <name>.text:HOSTwrite</name>
         <load_address>0x39cc</load_address>
         <run_address>0x39cc</run_address>
         <size>0x58</size>
         <input_file_ref idref="fl-10b"/>
      </object_component>
      <object_component id="oc-7b1">
         <name>.text:TimerP_dynamicStub</name>
         <load_address>0x3a24</load_address>
         <run_address>0x3a24</run_address>
         <size>0x58</size>
         <input_file_ref idref="fl-18"/>
      </object_component>
      <object_component id="oc-2fd">
         <name>.text:_pconv_f</name>
         <load_address>0x3a7c</load_address>
         <run_address>0x3a7c</run_address>
         <size>0x56</size>
         <input_file_ref idref="fl-d8"/>
      </object_component>
      <object_component id="oc-5a">
         <name>.text:nmiISR</name>
         <load_address>0x3ad2</load_address>
         <run_address>0x3ad2</run_address>
         <size>0x2</size>
         <input_file_ref idref="fl-1a"/>
      </object_component>
      <object_component id="oc-50d">
         <name>.text:Interrupt_setPriority</name>
         <load_address>0x3ad4</load_address>
         <run_address>0x3ad4</run_address>
         <size>0x54</size>
         <input_file_ref idref="fl-1e"/>
      </object_component>
      <object_component id="oc-435">
         <name>.text:__TI_ltoa</name>
         <load_address>0x3b28</load_address>
         <run_address>0x3b28</run_address>
         <size>0x54</size>
         <input_file_ref idref="fl-ec"/>
      </object_component>
      <object_component id="oc-445">
         <name>.text:_ecpy</name>
         <load_address>0x3b7c</load_address>
         <run_address>0x3b7c</run_address>
         <size>0x52</size>
         <input_file_ref idref="fl-d8"/>
      </object_component>
      <object_component id="oc-5a8">
         <name>.text</name>
         <load_address>0x3bce</load_address>
         <run_address>0x3bce</run_address>
         <size>0x2</size>
         <input_file_ref idref="fl-100"/>
      </object_component>
      <object_component id="oc-55d">
         <name>.text:SemaphoreP_construct</name>
         <load_address>0x3bd0</load_address>
         <run_address>0x3bd0</run_address>
         <size>0x50</size>
         <input_file_ref idref="fl-15"/>
      </object_component>
      <object_component id="oc-4a3">
         <name>.text:__TI_doflush</name>
         <load_address>0x3c20</load_address>
         <run_address>0x3c20</run_address>
         <size>0x4c</size>
         <input_file_ref idref="fl-fd"/>
      </object_component>
      <object_component id="oc-2e6">
         <name>.text:atoi</name>
         <load_address>0x3c6c</load_address>
         <run_address>0x3c6c</run_address>
         <size>0x4c</size>
         <input_file_ref idref="fl-ed"/>
      </object_component>
      <object_component id="oc-3ac">
         <name>.text:PowerMSP432_sleepPolicy</name>
         <load_address>0x3cb8</load_address>
         <run_address>0x3cb8</run_address>
         <size>0x48</size>
         <input_file_ref idref="fl-16"/>
      </object_component>
      <object_component id="oc-160">
         <name>.text:exit</name>
         <load_address>0x3d00</load_address>
         <run_address>0x3d00</run_address>
         <size>0x48</size>
         <input_file_ref idref="fl-ea"/>
      </object_component>
      <object_component id="oc-430">
         <name>.text</name>
         <load_address>0x3d48</load_address>
         <run_address>0x3d48</run_address>
         <size>0x48</size>
         <input_file_ref idref="fl-e1"/>
      </object_component>
      <object_component id="oc-752">
         <name>.text:HOSTclose</name>
         <load_address>0x3d90</load_address>
         <run_address>0x3d90</run_address>
         <size>0x44</size>
         <input_file_ref idref="fl-105"/>
      </object_component>
      <object_component id="oc-76a">
         <name>.text:HOSTunlink</name>
         <load_address>0x3dd4</load_address>
         <run_address>0x3dd4</run_address>
         <size>0x44</size>
         <input_file_ref idref="fl-10a"/>
      </object_component>
      <object_component id="oc-2a8">
         <name>.text:SemaphoreP_post</name>
         <load_address>0x3e18</load_address>
         <run_address>0x3e18</run_address>
         <size>0x44</size>
         <input_file_ref idref="fl-15"/>
      </object_component>
      <object_component id="oc-546">
         <name>.text:SwiP_restore</name>
         <load_address>0x3e5c</load_address>
         <run_address>0x3e5c</run_address>
         <size>0x44</size>
         <input_file_ref idref="fl-1c"/>
      </object_component>
      <object_component id="oc-7a5">
         <name>.text:TimerP_start</name>
         <load_address>0x3ea0</load_address>
         <run_address>0x3ea0</run_address>
         <size>0x44</size>
         <input_file_ref idref="fl-18"/>
      </object_component>
      <object_component id="oc-166">
         <name>.text:__TI_auto_init_nobinit_nopinit:__TI_auto_init_nobinit_nopinit</name>
         <load_address>0x3ee4</load_address>
         <run_address>0x3ee4</run_address>
         <size>0x44</size>
         <input_file_ref idref="fl-101"/>
      </object_component>
      <object_component id="oc-83a">
         <name>.text:getdevice</name>
         <load_address>0x3f28</load_address>
         <run_address>0x3f28</run_address>
         <size>0x44</size>
         <input_file_ref idref="fl-110"/>
      </object_component>
      <object_component id="oc-679">
         <name>.text:TimerP_setNextTick</name>
         <load_address>0x3f6c</load_address>
         <run_address>0x3f6c</run_address>
         <size>0x40</size>
         <input_file_ref idref="fl-18"/>
      </object_component>
      <object_component id="oc-458">
         <name>.text:_fcpy</name>
         <load_address>0x3fac</load_address>
         <run_address>0x3fac</run_address>
         <size>0x3e</size>
         <input_file_ref idref="fl-d8"/>
      </object_component>
      <object_component id="oc-799">
         <name>.text:TimerP_initDevice</name>
         <load_address>0x3fec</load_address>
         <run_address>0x3fec</run_address>
         <size>0x3c</size>
         <input_file_ref idref="fl-18"/>
      </object_component>
      <object_component id="oc-2c9">
         <name>.text:GPIO_toggle</name>
         <load_address>0x4028</load_address>
         <run_address>0x4028</run_address>
         <size>0x38</size>
         <input_file_ref idref="fl-11"/>
      </object_component>
      <object_component id="oc-7e4">
         <name>.text:__TI_writemsg</name>
         <load_address>0x4060</load_address>
         <run_address>0x4060</run_address>
         <size>0x38</size>
         <input_file_ref idref="fl-10c"/>
      </object_component>
      <object_component id="oc-628">
         <name>.text:notify</name>
         <load_address>0x4098</load_address>
         <run_address>0x4098</run_address>
         <size>0x38</size>
         <input_file_ref idref="fl-12"/>
      </object_component>
      <object_component id="oc-14b">
         <name>.text</name>
         <load_address>0x40d0</load_address>
         <run_address>0x40d0</run_address>
         <size>0x38</size>
         <input_file_ref idref="fl-e2"/>
      </object_component>
      <object_component id="oc-871">
         <name>.text:strncpy</name>
         <load_address>0x4108</load_address>
         <run_address>0x4108</run_address>
         <size>0x36</size>
         <input_file_ref idref="fl-113"/>
      </object_component>
      <object_component id="oc-1ef">
         <name>.text:GPIO_enableInt</name>
         <load_address>0x4140</load_address>
         <run_address>0x4140</run_address>
         <size>0x34</size>
         <input_file_ref idref="fl-11"/>
      </object_component>
      <object_component id="oc-6a2">
         <name>.text:__TI_cleanup</name>
         <load_address>0x4174</load_address>
         <run_address>0x4174</run_address>
         <size>0x34</size>
         <input_file_ref idref="fl-fe"/>
      </object_component>
      <object_component id="oc-7ea">
         <name>.text:__TI_readmsg</name>
         <load_address>0x41a8</load_address>
         <run_address>0x41a8</run_address>
         <size>0x34</size>
         <input_file_ref idref="fl-10c"/>
      </object_component>
      <object_component id="oc-a8">
         <name>.text:_c_int00_noargs:_c_int00_noargs</name>
         <load_address>0x41dc</load_address>
         <run_address>0x41dc</run_address>
         <size>0x34</size>
         <input_file_ref idref="fl-f8"/>
      </object_component>
      <object_component id="oc-877">
         <name>.text:finddevice</name>
         <load_address>0x4210</load_address>
         <run_address>0x4210</run_address>
         <size>0x30</size>
         <input_file_ref idref="fl-110"/>
      </object_component>
      <object_component id="oc-43b">
         <name>.text</name>
         <load_address>0x4240</load_address>
         <run_address>0x4240</run_address>
         <size>0x2e</size>
         <input_file_ref idref="fl-e3"/>
      </object_component>
      <object_component id="oc-7d9">
         <name>.text:unlink</name>
         <load_address>0x4270</load_address>
         <run_address>0x4270</run_address>
         <size>0x2c</size>
         <input_file_ref idref="fl-116"/>
      </object_component>
      <object_component id="oc-275">
         <name>.text:HwiP_create</name>
         <load_address>0x429c</load_address>
         <run_address>0x429c</run_address>
         <size>0x2a</size>
         <input_file_ref idref="fl-19"/>
      </object_component>
      <object_component id="oc-115">
         <name>.text:adcClockD</name>
         <load_address>0x42c8</load_address>
         <run_address>0x42c8</run_address>
         <size>0x28</size>
         <input_file_ref idref="fl-5"/>
      </object_component>
      <object_component id="oc-36d">
         <name>.text:disableFaultCounter</name>
         <load_address>0x42f0</load_address>
         <run_address>0x42f0</run_address>
         <size>0x28</size>
         <input_file_ref idref="fl-12"/>
      </object_component>
      <object_component id="oc-62e">
         <name>.text:disableHFXT</name>
         <load_address>0x4318</load_address>
         <run_address>0x4318</run_address>
         <size>0x28</size>
         <input_file_ref idref="fl-12"/>
      </object_component>
      <object_component id="oc-52c">
         <name>.text:free_list_insert</name>
         <load_address>0x4340</load_address>
         <run_address>0x4340</run_address>
         <size>0x28</size>
         <input_file_ref idref="fl-f2"/>
      </object_component>
      <object_component id="oc-69a">
         <name>.text:lseek</name>
         <load_address>0x4368</load_address>
         <run_address>0x4368</run_address>
         <size>0x28</size>
         <input_file_ref idref="fl-10e"/>
      </object_component>
      <object_component id="oc-4a9">
         <name>.text:write</name>
         <load_address>0x4390</load_address>
         <run_address>0x4390</run_address>
         <size>0x28</size>
         <input_file_ref idref="fl-f5"/>
      </object_component>
      <object_component id="oc-587">
         <name>.text:ClockP_getTicks</name>
         <load_address>0x43b8</load_address>
         <run_address>0x43b8</run_address>
         <size>0x24</size>
         <input_file_ref idref="fl-17"/>
      </object_component>
      <object_component id="oc-581">
         <name>.text:ClockP_scheduleNextTick</name>
         <load_address>0x43dc</load_address>
         <run_address>0x43dc</run_address>
         <size>0x24</size>
         <input_file_ref idref="fl-17"/>
      </object_component>
      <object_component id="oc-519">
         <name>.text:HwiP_dispatch</name>
         <load_address>0x4400</load_address>
         <run_address>0x4400</run_address>
         <size>0x24</size>
         <input_file_ref idref="fl-19"/>
      </object_component>
      <object_component id="oc-367">
         <name>.text:CS_setExternalClockSourceFrequency</name>
         <load_address>0x4424</load_address>
         <run_address>0x4424</run_address>
         <size>0x20</size>
         <input_file_ref idref="fl-1d"/>
      </object_component>
      <object_component id="oc-3c7">
         <name>.text:ClockP_add</name>
         <load_address>0x4444</load_address>
         <run_address>0x4444</run_address>
         <size>0x20</size>
         <input_file_ref idref="fl-17"/>
      </object_component>
      <object_component id="oc-570">
         <name>.text:QueueP_put</name>
         <load_address>0x4464</load_address>
         <run_address>0x4464</run_address>
         <size>0x20</size>
         <input_file_ref idref="fl-1b"/>
      </object_component>
      <object_component id="oc-127">
         <name>.text:adcConfigPin</name>
         <load_address>0x4484</load_address>
         <run_address>0x4484</run_address>
         <size>0x20</size>
         <input_file_ref idref="fl-5"/>
      </object_component>
      <object_component id="oc-49d">
         <name>.text:memchr</name>
         <load_address>0x44a4</load_address>
         <run_address>0x44a4</run_address>
         <size>0x20</size>
         <input_file_ref idref="fl-f1"/>
      </object_component>
      <object_component id="oc-534">
         <name>.text:SwiP_disable</name>
         <load_address>0x44c4</load_address>
         <run_address>0x44c4</run_address>
         <size>0x1c</size>
         <input_file_ref idref="fl-1c"/>
      </object_component>
      <object_component id="oc-12d">
         <name>.text:adcCanalFinal</name>
         <load_address>0x44e0</load_address>
         <run_address>0x44e0</run_address>
         <size>0x1c</size>
         <input_file_ref idref="fl-5"/>
      </object_component>
      <object_component id="oc-20f">
         <name>.text:adcResultado</name>
         <load_address>0x44fc</load_address>
         <run_address>0x44fc</run_address>
         <size>0x1c</size>
         <input_file_ref idref="fl-5"/>
      </object_component>
      <object_component id="oc-526">
         <name>.text:free_list_remove</name>
         <load_address>0x4518</load_address>
         <run_address>0x4518</run_address>
         <size>0x1c</size>
         <input_file_ref idref="fl-f2"/>
      </object_component>
      <object_component id="oc-30f">
         <name>.text:memccpy</name>
         <load_address>0x4534</load_address>
         <run_address>0x4534</run_address>
         <size>0x1c</size>
         <input_file_ref idref="fl-f0"/>
      </object_component>
      <object_component id="oc-860">
         <name>.text:QueueP_get</name>
         <load_address>0x4550</load_address>
         <run_address>0x4550</run_address>
         <size>0x1a</size>
         <input_file_ref idref="fl-1b"/>
      </object_component>
      <object_component id="oc-28a">
         <name>.text:SemaphoreP_createBinary</name>
         <load_address>0x456a</load_address>
         <run_address>0x456a</run_address>
         <size>0x1a</size>
         <input_file_ref idref="fl-15"/>
      </object_component>
      <object_component id="oc-5c1">
         <name>.text:copysign</name>
         <load_address>0x4584</load_address>
         <run_address>0x4584</run_address>
         <size>0x1a</size>
         <input_file_ref idref="fl-fb"/>
      </object_component>
      <object_component id="oc-3df">
         <name>.text:ClockP_destruct</name>
         <load_address>0x459e</load_address>
         <run_address>0x459e</run_address>
         <size>0x18</size>
         <input_file_ref idref="fl-17"/>
      </object_component>
      <object_component id="oc-3f4">
         <name>.text:HwiP_inISR</name>
         <load_address>0x45b8</load_address>
         <run_address>0x45b8</run_address>
         <size>0x18</size>
         <input_file_ref idref="fl-19"/>
      </object_component>
      <object_component id="oc-4ca">
         <name>.text:SysCtl_A_disableNMISource</name>
         <load_address>0x45d0</load_address>
         <run_address>0x45d0</run_address>
         <size>0x18</size>
         <input_file_ref idref="fl-20"/>
      </object_component>
      <object_component id="oc-4d6">
         <name>.text:SysCtl_A_enableNMISource</name>
         <load_address>0x45e8</load_address>
         <run_address>0x45e8</run_address>
         <size>0x18</size>
         <input_file_ref idref="fl-20"/>
      </object_component>
      <object_component id="oc-203">
         <name>.text:adcActivado</name>
         <load_address>0x4600</load_address>
         <run_address>0x4600</run_address>
         <size>0x18</size>
         <input_file_ref idref="fl-5"/>
      </object_component>
      <object_component id="oc-121">
         <name>.text:adcConversion</name>
         <load_address>0x4618</load_address>
         <run_address>0x4618</run_address>
         <size>0x18</size>
         <input_file_ref idref="fl-5"/>
      </object_component>
      <object_component id="oc-1f">
         <name>.text:resetISR</name>
         <load_address>0x4630</load_address>
         <run_address>0x4630</run_address>
         <size>0x18</size>
         <input_file_ref idref="fl-1a"/>
      </object_component>
      <object_component id="oc-891">
         <name>.text:strcmp</name>
         <load_address>0x4648</load_address>
         <run_address>0x4648</run_address>
         <size>0x18</size>
         <input_file_ref idref="fl-111"/>
      </object_component>
      <object_component id="oc-3bc">
         <name>.text:SemaphoreP_create</name>
         <load_address>0x4660</load_address>
         <run_address>0x4660</run_address>
         <size>0x16</size>
         <input_file_ref idref="fl-15"/>
      </object_component>
      <object_component id="oc-85a">
         <name>.text:maxbit</name>
         <load_address>0x4676</load_address>
         <run_address>0x4676</run_address>
         <size>0x16</size>
         <input_file_ref idref="fl-1c"/>
      </object_component>
      <object_component id="oc-46c">
         <name>.text:strchr</name>
         <load_address>0x468c</load_address>
         <run_address>0x468c</run_address>
         <size>0x16</size>
         <input_file_ref idref="fl-f3"/>
      </object_component>
      <object_component id="oc-648">
         <name>.text:Power_idleFunc</name>
         <load_address>0x46a4</load_address>
         <run_address>0x46a4</run_address>
         <size>0x14</size>
         <input_file_ref idref="fl-12"/>
      </object_component>
      <object_component id="oc-78e">
         <name>.text:SwiP_handleHwi</name>
         <load_address>0x46b8</load_address>
         <run_address>0x46b8</run_address>
         <size>0x14</size>
         <input_file_ref idref="fl-1c"/>
      </object_component>
      <object_component id="oc-671">
         <name>.text:TimerP_getCount</name>
         <load_address>0x46cc</load_address>
         <run_address>0x46cc</run_address>
         <size>0x14</size>
         <input_file_ref idref="fl-18"/>
      </object_component>
      <object_component id="oc-11b">
         <name>.text:adcClockR</name>
         <load_address>0x46e0</load_address>
         <run_address>0x46e0</run_address>
         <size>0x14</size>
         <input_file_ref idref="fl-5"/>
      </object_component>
      <object_component id="oc-7fe">
         <name>.text:strcpy</name>
         <load_address>0x46f4</load_address>
         <run_address>0x46f4</run_address>
         <size>0x14</size>
         <input_file_ref idref="fl-112"/>
      </object_component>
      <object_component id="oc-2e0">
         <name>.text:strlen</name>
         <load_address>0x4708</load_address>
         <run_address>0x4708</run_address>
         <size>0x14</size>
         <input_file_ref idref="fl-f4"/>
      </object_component>
      <object_component id="oc-26f">
         <name>.text:HwiP_Params_init</name>
         <load_address>0x471c</load_address>
         <run_address>0x471c</run_address>
         <size>0x12</size>
         <input_file_ref idref="fl-19"/>
      </object_component>
      <object_component id="oc-315">
         <name>.text:wcslen</name>
         <load_address>0x472e</load_address>
         <run_address>0x472e</run_address>
         <size>0x12</size>
         <input_file_ref idref="fl-fc"/>
      </object_component>
      <object_component id="oc-290">
         <name>.text:HwiP_disable</name>
         <load_address>0x4740</load_address>
         <run_address>0x4740</run_address>
         <size>0x10</size>
         <input_file_ref idref="fl-19"/>
      </object_component>
      <object_component id="oc-52">
         <name>.text:Interrupt_disableMaster</name>
         <load_address>0x4750</load_address>
         <run_address>0x4750</run_address>
         <size>0x10</size>
         <input_file_ref idref="fl-1e"/>
      </object_component>
      <object_component id="oc-1d0">
         <name>.text:Interrupt_enableMaster</name>
         <load_address>0x4760</load_address>
         <run_address>0x4760</run_address>
         <size>0x10</size>
         <input_file_ref idref="fl-1e"/>
      </object_component>
      <object_component id="oc-3fa">
         <name>.text:Power_disablePolicy</name>
         <load_address>0x4770</load_address>
         <run_address>0x4770</run_address>
         <size>0x10</size>
         <input_file_ref idref="fl-12"/>
      </object_component>
      <object_component id="oc-3d3">
         <name>.text:Power_enablePolicy</name>
         <load_address>0x4780</load_address>
         <run_address>0x4780</run_address>
         <size>0x10</size>
         <input_file_ref idref="fl-12"/>
      </object_component>
      <object_component id="oc-3b6">
         <name>.text:SemaphoreP_Params_init</name>
         <load_address>0x4790</load_address>
         <run_address>0x4790</run_address>
         <size>0x10</size>
         <input_file_ref idref="fl-15"/>
      </object_component>
      <object_component id="oc-6f7">
         <name>.text:SwiP_Params_init</name>
         <load_address>0x47a0</load_address>
         <run_address>0x47a0</run_address>
         <size>0x10</size>
         <input_file_ref idref="fl-1c"/>
      </object_component>
      <object_component id="oc-4c4">
         <name>.text:SysCtl_A_getNMISourceStatus</name>
         <load_address>0x47b0</load_address>
         <run_address>0x47b0</run_address>
         <size>0x10</size>
         <input_file_ref idref="fl-20"/>
      </object_component>
      <object_component id="oc-6db">
         <name>.text:SysCtl_getNMISourceStatus</name>
         <load_address>0x47c0</load_address>
         <run_address>0x47c0</run_address>
         <size>0x10</size>
         <input_file_ref idref="fl-1f"/>
      </object_component>
      <object_component id="oc-703">
         <name>.text:TimerP_Params_init</name>
         <load_address>0x47d0</load_address>
         <run_address>0x47d0</run_address>
         <size>0x10</size>
         <input_file_ref idref="fl-18"/>
      </object_component>
      <object_component id="oc-209">
         <name>.text:adcOcupado</name>
         <load_address>0x47e0</load_address>
         <run_address>0x47e0</run_address>
         <size>0x10</size>
         <input_file_ref idref="fl-5"/>
      </object_component>
      <object_component id="oc-866">
         <name>.text:QueueP_empty</name>
         <load_address>0x47f0</load_address>
         <run_address>0x47f0</run_address>
         <size>0xe</size>
         <input_file_ref idref="fl-1b"/>
      </object_component>
      <object_component id="oc-590">
         <name>.text:QueueP_remove</name>
         <load_address>0x47fe</load_address>
         <run_address>0x47fe</run_address>
         <size>0xe</size>
         <input_file_ref idref="fl-1b"/>
      </object_component>
      <object_component id="oc-18">
         <name>.text:decompress:none:__TI_decompress_none</name>
         <load_address>0x480c</load_address>
         <run_address>0x480c</run_address>
         <size>0xe</size>
         <input_file_ref idref="fl-e8"/>
      </object_component>
      <object_component id="oc-1f5">
         <name>.text:gpioButtonFxn0</name>
         <load_address>0x481a</load_address>
         <run_address>0x481a</run_address>
         <size>0xe</size>
         <input_file_ref idref="fl-2"/>
      </object_component>
      <object_component id="oc-1fb">
         <name>.text:gpioButtonFxn1</name>
         <load_address>0x4828</load_address>
         <run_address>0x4828</run_address>
         <size>0xe</size>
         <input_file_ref idref="fl-2"/>
      </object_component>
      <object_component id="oc-133">
         <name>.text:Board_init</name>
         <load_address>0x4836</load_address>
         <run_address>0x4836</run_address>
         <size>0xc</size>
         <input_file_ref idref="fl-3"/>
      </object_component>
      <object_component id="oc-96">
         <name>.text:CPU_cpsid</name>
         <load_address>0x4842</load_address>
         <run_address>0x4842</run_address>
         <size>0xc</size>
         <input_file_ref idref="fl-21"/>
      </object_component>
      <object_component id="oc-283">
         <name>.text:CPU_cpsie</name>
         <load_address>0x484e</load_address>
         <run_address>0x484e</run_address>
         <size>0xc</size>
         <input_file_ref idref="fl-21"/>
      </object_component>
      <object_component id="oc-724">
         <name>.text:ClockP_doTick</name>
         <load_address>0x485c</load_address>
         <run_address>0x485c</run_address>
         <size>0xc</size>
         <input_file_ref idref="fl-17"/>
      </object_component>
      <object_component id="oc-53a">
         <name>.text:Power_getConstraintMask</name>
         <load_address>0x4868</load_address>
         <run_address>0x4868</run_address>
         <size>0xc</size>
         <input_file_ref idref="fl-12"/>
      </object_component>
      <object_component id="oc-715">
         <name>.text:TimerP_getFreq</name>
         <load_address>0x4874</load_address>
         <run_address>0x4874</run_address>
         <size>0xc</size>
         <input_file_ref idref="fl-18"/>
      </object_component>
      <object_component id="oc-70f">
         <name>.text:TimerP_getMaxTicks</name>
         <load_address>0x4880</load_address>
         <run_address>0x4880</run_address>
         <size>0xc</size>
         <input_file_ref idref="fl-18"/>
      </object_component>
      <object_component id="oc-10f">
         <name>.text:adcInit</name>
         <load_address>0x488c</load_address>
         <run_address>0x488c</run_address>
         <size>0xc</size>
         <input_file_ref idref="fl-5"/>
      </object_component>
      <object_component id="oc-4c">
         <name>.text:decompress:ZI:__TI_zero_init</name>
         <load_address>0x4898</load_address>
         <run_address>0x4898</run_address>
         <size>0xc</size>
         <input_file_ref idref="fl-e7"/>
      </object_component>
      <object_component id="oc-296">
         <name>.text:HwiP_restore</name>
         <load_address>0x48a4</load_address>
         <run_address>0x48a4</run_address>
         <size>0x8</size>
         <input_file_ref idref="fl-19"/>
      </object_component>
      <object_component id="oc-31b">
         <name>.text:__aeabi_errno_addr</name>
         <load_address>0x48ac</load_address>
         <run_address>0x48ac</run_address>
         <size>0x8</size>
         <input_file_ref idref="fl-f7"/>
      </object_component>
      <object_component id="oc-391">
         <name>.text:malloc</name>
         <load_address>0x48b4</load_address>
         <run_address>0x48b4</run_address>
         <size>0x8</size>
         <input_file_ref idref="fl-f2"/>
      </object_component>
      <object_component id="oc-6f1">
         <name>.text:QueueP_init</name>
         <load_address>0x48bc</load_address>
         <run_address>0x48bc</run_address>
         <size>0x6</size>
         <input_file_ref idref="fl-1b"/>
      </object_component>
      <object_component id="oc-3d9">
         <name>.text:ClockP_isActive</name>
         <load_address>0x48c2</load_address>
         <run_address>0x48c2</run_address>
         <size>0x4</size>
         <input_file_ref idref="fl-17"/>
      </object_component>
      <object_component id="oc-139">
         <name>.text:HwiP_enable</name>
         <load_address>0x48c6</load_address>
         <run_address>0x48c6</run_address>
         <size>0x4</size>
         <input_file_ref idref="fl-19"/>
      </object_component>
      <object_component id="oc-63b">
         <name>.text:HwiP_post</name>
         <load_address>0x48ca</load_address>
         <run_address>0x48ca</run_address>
         <size>0x4</size>
         <input_file_ref idref="fl-19"/>
      </object_component>
      <object_component id="oc-82a">
         <name>.text:QueueP_head</name>
         <load_address>0x48ce</load_address>
         <run_address>0x48ce</run_address>
         <size>0x4</size>
         <input_file_ref idref="fl-1b"/>
      </object_component>
      <object_component id="oc-830">
         <name>.text:QueueP_next</name>
         <load_address>0x48d2</load_address>
         <run_address>0x48d2</run_address>
         <size>0x4</size>
         <input_file_ref idref="fl-1b"/>
      </object_component>
      <object_component id="oc-29c">
         <name>.text:SemaphoreP_delete</name>
         <load_address>0x48d6</load_address>
         <run_address>0x48d6</run_address>
         <size>0x4</size>
         <input_file_ref idref="fl-15"/>
      </object_component>
      <object_component id="oc-79f">
         <name>.text:TimerP_setPeriod</name>
         <load_address>0x48da</load_address>
         <run_address>0x48da</run_address>
         <size>0x4</size>
         <input_file_ref idref="fl-18"/>
      </object_component>
      <object_component id="oc-229">
         <name>.text:_outc</name>
         <load_address>0x48de</load_address>
         <run_address>0x48de</run_address>
         <size>0x4</size>
         <input_file_ref idref="fl-d7"/>
      </object_component>
      <object_component id="oc-223">
         <name>.text:_outs</name>
         <load_address>0x48e2</load_address>
         <run_address>0x48e2</run_address>
         <size>0x4</size>
         <input_file_ref idref="fl-d7"/>
      </object_component>
      <object_component id="oc-f0">
         <name>.text:_system_pre_init</name>
         <load_address>0x48e6</load_address>
         <run_address>0x48e6</run_address>
         <size>0x4</size>
         <input_file_ref idref="fl-102"/>
      </object_component>
      <object_component id="oc-15a">
         <name>.text:abort:abort</name>
         <load_address>0x48ea</load_address>
         <run_address>0x48ea</run_address>
         <size>0x4</size>
         <input_file_ref idref="fl-ea"/>
      </object_component>
      <object_component id="oc-415">
         <name>.const:.string:_ctypes_</name>
         <load_address>0x48f0</load_address>
         <run_address>0x48f0</run_address>
         <size>0x101</size>
         <input_file_ref idref="fl-ee"/>
      </object_component>
      <object_component id="oc-60f">
         <name>.const:g_pulRegs</name>
         <load_address>0x49f4</load_address>
         <run_address>0x49f4</run_address>
         <size>0x50</size>
         <input_file_ref idref="fl-1e"/>
      </object_component>
      <object_component id="oc-27e">
         <name>.const:PowerMSP432_config</name>
         <load_address>0x4a44</load_address>
         <run_address>0x4a44</run_address>
         <size>0x38</size>
         <input_file_ref idref="fl-3"/>
      </object_component>
      <object_component id="oc-2b2">
         <name>.const:GPIOMSP432_config</name>
         <load_address>0x4a7c</load_address>
         <run_address>0x4a7c</run_address>
         <size>0x14</size>
         <input_file_ref idref="fl-3"/>
      </object_component>
      <object_component id="oc-781">
         <name>.const:SwiP_defaultParams</name>
         <load_address>0x4a90</load_address>
         <run_address>0x4a90</run_address>
         <size>0x10</size>
         <input_file_ref idref="fl-1c"/>
      </object_component>
      <object_component id="oc-613">
         <name>.const:g_pulEnRegs</name>
         <load_address>0x4aa0</load_address>
         <run_address>0x4aa0</run_address>
         <size>0x8</size>
         <input_file_ref idref="fl-1e"/>
      </object_component>
      <object_component id="oc-77c">
         <name>.const:g_pulPendRegs</name>
         <load_address>0x4aa8</load_address>
         <run_address>0x4aa8</run_address>
         <size>0x8</size>
         <input_file_ref idref="fl-1e"/>
      </object_component>
      <object_component id="oc-2c2">
         <name>.const:.string:interruptType</name>
         <load_address>0x4ab0</load_address>
         <run_address>0x4ab0</run_address>
         <size>0x6</size>
         <input_file_ref idref="fl-11"/>
      </object_component>
      <object_component id="oc-2b9">
         <name>.const:.string:portInterruptIds</name>
         <load_address>0x4ab6</load_address>
         <run_address>0x4ab6</run_address>
         <size>0x6</size>
         <input_file_ref idref="fl-11"/>
      </object_component>
      <object_component id="oc-8cf">
         <name>.cinit..data.load</name>
         <load_address>0x4ac0</load_address>
         <run_address>0x4ac0</run_address>
         <size>0xe7</size>
      </object_component>
      <object_component id="oc-8cd">
         <name>__TI_handler_table</name>
         <load_address>0x4ba8</load_address>
         <run_address>0x4ba8</run_address>
         <size>0xc</size>
      </object_component>
      <object_component id="oc-8d0">
         <name>.cinit..bss.load</name>
         <load_address>0x4bb8</load_address>
         <run_address>0x4bb8</run_address>
         <size>0x8</size>
      </object_component>
      <object_component id="oc-8d1">
         <name>.cinit..vtable.load</name>
         <load_address>0x4bc0</load_address>
         <run_address>0x4bc0</run_address>
         <size>0x8</size>
      </object_component>
      <object_component id="oc-8ce">
         <name>__TI_cinit_table</name>
         <load_address>0x4bc8</load_address>
         <run_address>0x4bc8</run_address>
         <size>0x18</size>
      </object_component>
      <object_component id="oc-403">
         <name>.data:gpioPinConfigs</name>
         <load_address>0x20008474</load_address>
         <run_address>0x20008474</run_address>
         <size>0x10</size>
         <input_file_ref idref="fl-3"/>
      </object_component>
      <object_component id="oc-406">
         <name>.data:gpioCallbackFunctions</name>
         <load_address>0x20008464</load_address>
         <run_address>0x20008464</run_address>
         <size>0x10</size>
         <input_file_ref idref="fl-3"/>
      </object_component>
      <object_component id="oc-2af">
         <name>.data</name>
         <load_address>0x200084db</load_address>
         <run_address>0x200084db</run_address>
         <size>0x2</size>
         <input_file_ref idref="fl-11"/>
      </object_component>
      <object_component id="oc-27b">
         <name>.data:PowerMSP432_module</name>
         <load_address>0x20008438</load_address>
         <run_address>0x20008438</run_address>
         <size>0x2c</size>
         <input_file_ref idref="fl-12"/>
      </object_component>
      <object_component id="oc-385">
         <name>.data:PowerMSP432_perfLevels</name>
         <load_address>0x20008140</load_address>
         <run_address>0x20008140</run_address>
         <size>0x140</size>
         <input_file_ref idref="fl-12"/>
      </object_component>
      <object_component id="oc-3eb">
         <name>.data</name>
         <load_address>0x200084d8</load_address>
         <run_address>0x200084d8</run_address>
         <size>0x3</size>
         <input_file_ref idref="fl-15"/>
      </object_component>
      <object_component id="oc-559">
         <name>.data:SemaphoreP_defaultParams</name>
         <load_address>0x200084bc</load_address>
         <run_address>0x200084bc</run_address>
         <size>0x8</size>
         <input_file_ref idref="fl-15"/>
      </object_component>
      <object_component id="oc-71b">
         <name>.data</name>
         <load_address>0x200084c4</load_address>
         <run_address>0x200084c4</run_address>
         <size>0x8</size>
         <input_file_ref idref="fl-17"/>
      </object_component>
      <object_component id="oc-7ab">
         <name>.data</name>
         <load_address>0x200084de</load_address>
         <run_address>0x200084de</run_address>
         <size>0x1</size>
         <input_file_ref idref="fl-18"/>
      </object_component>
      <object_component id="oc-795">
         <name>.data:TimerP_defaultParams</name>
         <load_address>0x200084a0</load_address>
         <run_address>0x200084a0</run_address>
         <size>0xc</size>
         <input_file_ref idref="fl-18"/>
      </object_component>
      <object_component id="oc-522">
         <name>.data:HwiP_dispatchTable</name>
         <load_address>0x20008000</load_address>
         <run_address>0x20008000</run_address>
         <size>0x140</size>
         <input_file_ref idref="fl-19"/>
      </object_component>
      <object_component id="oc-51f">
         <name>.data</name>
         <load_address>0x200084cc</load_address>
         <run_address>0x200084cc</run_address>
         <size>0x8</size>
         <input_file_ref idref="fl-19"/>
      </object_component>
      <object_component id="oc-785">
         <name>.data</name>
         <load_address>0x200084dd</load_address>
         <run_address>0x200084dd</run_address>
         <size>0x1</size>
         <input_file_ref idref="fl-1c"/>
      </object_component>
      <object_component id="oc-248">
         <name>.data:$O1$$</name>
         <load_address>0x20008494</load_address>
         <run_address>0x20008494</run_address>
         <size>0xc</size>
         <input_file_ref idref="fl-ea"/>
      </object_component>
      <object_component id="oc-21d">
         <name>.data:$O1$$</name>
         <load_address>0x200084ac</load_address>
         <run_address>0x200084ac</run_address>
         <size>0x8</size>
         <input_file_ref idref="fl-eb"/>
      </object_component>
      <object_component id="oc-220">
         <name>.data:_ftable</name>
         <load_address>0x20008280</load_address>
         <run_address>0x20008280</run_address>
         <size>0xf0</size>
         <input_file_ref idref="fl-ef"/>
      </object_component>
      <object_component id="oc-746">
         <name>.data</name>
         <load_address>0x20008484</load_address>
         <run_address>0x20008484</run_address>
         <size>0x10</size>
         <input_file_ref idref="fl-ef"/>
      </object_component>
      <object_component id="oc-606">
         <name>.data:$O1$$</name>
         <load_address>0x200084b4</load_address>
         <run_address>0x200084b4</run_address>
         <size>0x8</size>
         <input_file_ref idref="fl-f2"/>
      </object_component>
      <object_component id="oc-6b5">
         <name>.data:_device</name>
         <load_address>0x20008370</load_address>
         <run_address>0x20008370</run_address>
         <size>0x78</size>
         <input_file_ref idref="fl-f6"/>
      </object_component>
      <object_component id="oc-5ef">
         <name>.data:_stream</name>
         <load_address>0x200083e8</load_address>
         <run_address>0x200083e8</run_address>
         <size>0x50</size>
         <input_file_ref idref="fl-f6"/>
      </object_component>
      <object_component id="oc-47c">
         <name>.data</name>
         <load_address>0x200084d4</load_address>
         <run_address>0x200084d4</run_address>
         <size>0x4</size>
         <input_file_ref idref="fl-f7"/>
      </object_component>
      <object_component id="oc-2b5">
         <name>.bss:gpioCallbackInfo</name>
         <uninitialized>true</uninitialized>
         <run_address>0x20008740</run_address>
         <size>0x30</size>
[...]
         <name>SwiP_restore</name>
         <value>0x3e5d</value>
         <object_component_ref idref="oc-546"/>
      </symbol>
      <symbol id="sm-6ac">
         <name>SwiP_construct</name>
         <value>0x2575</value>
         <object_component_ref idref="oc-6fd"/>
      </symbol>
      <symbol id="sm-6ad">
         <name>SwiP_Params_init</name>
         <value>0x47a1</value>
         <object_component_ref idref="oc-6f7"/>
      </symbol>
      <symbol id="sm-6ae">
         <name>SwiP_post</name>
         <value>0x3481</value>
         <object_component_ref idref="oc-7c6"/>
      </symbol>
      <symbol id="sm-6af">
         <name>SwiP_dispatch</name>
         <value>0x2a49</value>
         <object_component_ref idref="oc-817"/>
      </symbol>
      <symbol id="sm-728">
         <name>CS_setExternalClockSourceFrequency</name>
         <value>0x4425</value>
         <object_component_ref idref="oc-367"/>
      </symbol>
      <symbol id="sm-729">
         <name>CS_startHFXTWithTimeout</name>
         <value>0x2035</value>
         <object_component_ref idref="oc-373"/>
      </symbol>
      <symbol id="sm-72a">
         <name>CS_startLFXTWithTimeout</name>
         <value>0x21fd</value>
         <object_component_ref idref="oc-379"/>
      </symbol>
      <symbol id="sm-793">
         <name>Interrupt_disableMaster</name>
         <value>0x4751</value>
         <object_component_ref idref="oc-52"/>
      </symbol>
      <symbol id="sm-794">
         <name>Interrupt_setPriority</name>
         <value>0x3ad5</value>
         <object_component_ref idref="oc-50d"/>
      </symbol>
      <symbol id="sm-795">
         <name>Interrupt_enableMaster</name>
         <value>0x4761</value>
         <object_component_ref idref="oc-1d0"/>
      </symbol>
      <symbol id="sm-796">
         <name>Interrupt_enableInterrupt</name>
         <value>0x2f39</value>
         <object_component_ref idref="oc-513"/>
      </symbol>
      <symbol id="sm-797">
         <name>Interrupt_registerInterrupt</name>
         <value>0x3809</value>
         <object_component_ref idref="oc-507"/>
      </symbol>
      <symbol id="sm-798">
         <name>g_pfnRAMVectors</name>
         <value>0x20008800</value>
         <object_component_ref idref="oc-60a"/>
      </symbol>
      <symbol id="sm-799">
         <name>Interrupt_pendInterrupt</name>
         <value>0x3419</value>
         <object_component_ref idref="oc-6e2"/>
      </symbol>
      <symbol id="sm-7a5">
         <name>SysCtl_getNMISourceStatus</name>
         <value>0x47c1</value>
         <object_component_ref idref="oc-6db"/>
      </symbol>
      <symbol id="sm-7c5">
         <name>SysCtl_A_enableNMISource</name>
         <value>0x45e9</value>
         <object_component_ref idref="oc-4d6"/>
      </symbol>
      <symbol id="sm-7c6">
         <name>SysCtl_A_getNMISourceStatus</name>
         <value>0x47b1</value>
         <object_component_ref idref="oc-4c4"/>
      </symbol>
      <symbol id="sm-7c7">
         <name>SysCtl_A_disableNMISource</name>
         <value>0x45d1</value>
         <object_component_ref idref="oc-4ca"/>
      </symbol>
      <symbol id="sm-7d9">
         <name>CPU_cpsie</name>
         <value>0x484f</value>
         <object_component_ref idref="oc-283"/>
      </symbol>
      <symbol id="sm-7da">
         <name>CPU_cpsid</name>
         <value>0x4843</value>
         <object_component_ref idref="oc-96"/>
      </symbol>
      <symbol id="sm-806">
         <name>printf</name>
         <value>0x3551</value>
         <object_component_ref idref="oc-150"/>
      </symbol>
      <symbol id="sm-970">
         <name>__TI_printfi</name>
         <value>0x145</value>
         <object_component_ref idref="oc-217"/>
      </symbol>
      <symbol id="sm-985">
         <name>putc</name>
         <value>0x2c19</value>
         <object_component_ref idref="oc-342"/>
      </symbol>
      <symbol id="sm-986">
         <name>fputc</name>
         <value>0x2c19</value>
         <object_component_ref idref="oc-342"/>
      </symbol>
      <symbol id="sm-9a9">
         <name>fputs</name>
         <value>0x1c15</value>
         <object_component_ref idref="oc-33b"/>
      </symbol>
      <symbol id="sm-9c1">
         <name>__TI_wrt_ok</name>
         <value>0x36e5</value>
         <object_component_ref idref="oc-497"/>
      </symbol>
      <symbol id="sm-9dd">
         <name>setvbuf</name>
         <value>0x2499</value>
         <object_component_ref idref="oc-5e3"/>
      </symbol>
      <symbol id="sm-9f4">
         <name>__aeabi_dsub</name>
         <value>0x1555</value>
         <object_component_ref idref="oc-440"/>
      </symbol>
      <symbol id="sm-9f5">
         <name>__aeabi_dadd</name>
         <value>0x155f</value>
         <object_component_ref idref="oc-440"/>
      </symbol>
      <symbol id="sm-a17">
         <name>__aeabi_cdcmpeq</name>
         <value>0x2ca5</value>
         <object_component_ref idref="oc-2f2"/>
      </symbol>
      <symbol id="sm-a18">
         <name>__aeabi_cdcmple</name>
         <value>0x2ca5</value>
         <object_component_ref idref="oc-2f2"/>
      </symbol>
      <symbol id="sm-a19">
         <name>__aeabi_cdrcmple</name>
         <value>0x2d2b</value>
         <object_component_ref idref="oc-42b"/>
      </symbol>
      <symbol id="sm-a2d">
         <name>__aeabi_ddiv</name>
         <value>0x19b9</value>
         <object_component_ref idref="oc-426"/>
      </symbol>
      <symbol id="sm-a38">
         <name>__aeabi_dmul</name>
         <value>0x1f39</value>
         <object_component_ref idref="oc-421"/>
      </symbol>
      <symbol id="sm-a42">
         <name>__aeabi_d2iz</name>
         <value>0x3d49</value>
         <object_component_ref idref="oc-430"/>
      </symbol>
      <symbol id="sm-a4d">
         <name>__aeabi_f2d</name>
         <value>0x40d1</value>
         <object_component_ref idref="oc-14b"/>
      </symbol>
      <symbol id="sm-a57">
         <name>__aeabi_i2d</name>
         <value>0x4241</value>
         <object_component_ref idref="oc-43b"/>
      </symbol>
      <symbol id="sm-a72">
         <name>memcpy</name>
         <value>0x2ae5</value>
         <object_component_ref idref="oc-3a"/>
      </symbol>
      <symbol id="sm-a73">
         <name>__aeabi_memcpy</name>
         <value>0x2ae5</value>
         <object_component_ref idref="oc-3a"/>
      </symbol>
      <symbol id="sm-a74">
         <name>__aeabi_memcpy8</name>
         <value>0x2ae5</value>
         <object_component_ref idref="oc-3a"/>
      </symbol>
      <symbol id="sm-a75">
         <name>__aeabi_memcpy4</name>
         <value>0x2ae5</value>
         <object_component_ref idref="oc-3a"/>
      </symbol>
      <symbol id="sm-a84">
         <name>__aeabi_memset</name>
         <value>0x2fbb</value>
         <object_component_ref idref="oc-90"/>
      </symbol>
      <symbol id="sm-a85">
         <name>memset</name>
         <value>0x2fc1</value>
         <object_component_ref idref="oc-90"/>
      </symbol>
      <symbol id="sm-a86">
         <name>__aeabi_memset8</name>
         <value>0x2fbb</value>
         <object_component_ref idref="oc-90"/>
      </symbol>
      <symbol id="sm-a87">
         <name>__aeabi_memset4</name>
         <value>0x2fbb</value>
         <object_component_ref idref="oc-90"/>
      </symbol>
      <symbol id="sm-a88">
         <name>__aeabi_memclr8</name>
         <value>0x2fb9</value>
         <object_component_ref idref="oc-90"/>
      </symbol>
      <symbol id="sm-a89">
         <name>__aeabi_memclr4</name>
         <value>0x2fb9</value>
         <object_component_ref idref="oc-90"/>
      </symbol>
      <symbol id="sm-a8a">
         <name>__aeabi_memclr</name>
         <value>0x2fb9</value>
         <object_component_ref idref="oc-90"/>
      </symbol>
      <symbol id="sm-a97">
         <name>__aeabi_uldivmod</name>
         <value>0x2b81</value>
         <object_component_ref idref="oc-41a"/>
      </symbol>
      <symbol id="sm-aa9">
         <name>__TI_zero_init</name>
         <value>0x4899</value>
         <object_component_ref idref="oc-4c"/>
      </symbol>
      <symbol id="sm-ac0">
         <name>__TI_decompress_none</name>
         <value>0x480d</value>
         <object_component_ref idref="oc-18"/>
      </symbol>
      <symbol id="sm-ae3">
         <name>__TI_decompress_lzss</name>
         <value>0x34e9</value>
         <object_component_ref idref="oc-12"/>
      </symbol>
      <symbol id="sm-b09">
         <name>C$$EXIT</name>
         <value>0x48eb</value>
         <object_component_ref idref="oc-15a"/>
      </symbol>
      <symbol id="sm-b0a">
         <name>abort</name>
         <value>0x48eb</value>
         <object_component_ref idref="oc-15a"/>
      </symbol>
      <symbol id="sm-b0b">
         <name>__TI_dtors_ptr</name>
         <value>0x20008498</value>
         <object_component_ref idref="oc-248"/>
      </symbol>
      <symbol id="sm-b0c">
         <name>__TI_cleanup_ptr</name>
         <value>0x20008494</value>
         <object_component_ref idref="oc-248"/>
      </symbol>
      <symbol id="sm-b0d">
         <name>__TI_enable_exit_profile_output</name>
         <value>0x2000849c</value>
         <object_component_ref idref="oc-248"/>
      </symbol>
      <symbol id="sm-b0e">
         <name>exit</name>
         <value>0x3d01</value>
         <object_component_ref idref="oc-160"/>
      </symbol>
      <symbol id="sm-b23">
         <name>_nop</name>
         <value>0x27b3</value>
         <object_component_ref idref="oc-32d"/>
      </symbol>
      <symbol id="sm-b24">
         <name>_lock</name>
         <value>0x200084ac</value>
         <object_component_ref idref="oc-21d"/>
      </symbol>
      <symbol id="sm-b25">
         <name>_unlock</name>
         <value>0x200084b0</value>
         <object_component_ref idref="oc-21d"/>
      </symbol>
      <symbol id="sm-b34">
         <name>__TI_ltoa</name>
         <value>0x3b29</value>
         <object_component_ref idref="oc-435"/>
      </symbol>
      <symbol id="sm-b4a">
         <name>atoi</name>
         <value>0x3c6d</value>
         <object_component_ref idref="oc-2e6"/>
      </symbol>
      <symbol id="sm-b55">
         <name>_ctypes_</name>
         <value>0x48f0</value>
         <object_component_ref idref="oc-415"/>
      </symbol>
      <symbol id="sm-b6a">
         <name>__TI_tmpnams</name>
         <value>0x200086a0</value>
      </symbol>
      <symbol id="sm-b6b">
         <name>__aeabi_stdout</name>
         <value>0x2000848c</value>
         <object_component_ref idref="oc-746"/>
      </symbol>
      <symbol id="sm-b6c">
         <name>__aeabi_stderr</name>
         <value>0x20008490</value>
         <object_component_ref idref="oc-746"/>
      </symbol>
      <symbol id="sm-b6d">
         <name>__aeabi_stdin</name>
         <value>0x20008488</value>
         <object_component_ref idref="oc-746"/>
      </symbol>
      <symbol id="sm-b6e">
         <name>_ftable</name>
         <value>0x20008280</value>
         <object_component_ref idref="oc-220"/>
      </symbol>
      <symbol id="sm-b6f">
         <name>__TI_ft_end</name>
         <value>0x20008484</value>
         <object_component_ref idref="oc-746"/>
      </symbol>
      <symbol id="sm-b7f">
         <name>memccpy</name>
         <value>0x4535</value>
         <object_component_ref idref="oc-30f"/>
      </symbol>
      <symbol id="sm-b8f">
         <name>memchr</name>
         <value>0x44a5</value>
         <object_component_ref idref="oc-49d"/>
      </symbol>
      <symbol id="sm-c18">
         <name>_sys_memory</name>
         <value>0x20000000</value>
         <object_component_ref idref="oc-29"/>
      </symbol>
      <symbol id="sm-c19">
         <name>free</name>
         <value>0x2119</value>
         <object_component_ref idref="oc-39d"/>
      </symbol>
      <symbol id="sm-c1a">
         <name>memalign</name>
         <value>0x1e39</value>
         <object_component_ref idref="oc-500"/>
      </symbol>
      <symbol id="sm-c1b">
         <name>malloc</name>
         <value>0x48b5</value>
         <object_component_ref idref="oc-391"/>
      </symbol>
      <symbol id="sm-c1c">
         <name>aligned_alloc</name>
         <value>0x1e39</value>
         <object_component_ref idref="oc-500"/>
      </symbol>
      <symbol id="sm-c2c">
         <name>strchr</name>
         <value>0x468d</value>
         <object_component_ref idref="oc-46c"/>
      </symbol>
      <symbol id="sm-c3a">
         <name>strlen</name>
         <value>0x4709</value>
         <object_component_ref idref="oc-2e0"/>
      </symbol>
      <symbol id="sm-c54">
         <name>write</name>
         <value>0x4391</value>
         <object_component_ref idref="oc-4a9"/>
      </symbol>
      <symbol id="sm-c65">
         <name>_stream</name>
         <value>0x200083e8</value>
         <object_component_ref idref="oc-5ef"/>
      </symbol>
      <symbol id="sm-c66">
         <name>_device</name>
         <value>0x20008370</value>
         <object_component_ref idref="oc-6b5"/>
      </symbol>
      <symbol id="sm-c7c">
         <name>__aeabi_errno_addr</name>
         <value>0x48ad</value>
         <object_component_ref idref="oc-31b"/>
      </symbol>
      <symbol id="sm-c7d">
         <name>errno</name>
         <value>0x200084d4</value>
         <object_component_ref idref="oc-47c"/>
      </symbol>
      <symbol id="sm-c90">
         <name>__stack</name>
         <value>0x2000f000</value>
         <object_component_ref idref="oc-2c"/>
      </symbol>
      <symbol id="sm-c91">
         <name>_c_int00_noargs</name>
         <value>0x41dd</value>
         <object_component_ref idref="oc-a8"/>
      </symbol>
      <symbol id="sm-cb1">
         <name>frexpl</name>
         <value>0x35b9</value>
         <object_component_ref idref="oc-460"/>
      </symbol>
      <symbol id="sm-cb2">
         <name>frexp</name>
         <value>0x35b9</value>
         <object_component_ref idref="oc-460"/>
      </symbol>
      <symbol id="sm-ccf">
         <name>scalbn</name>
         <value>0x1d29</value>
         <object_component_ref idref="oc-466"/>
      </symbol>
      <symbol id="sm-cd0">
         <name>scalbnl</name>
         <value>0x1d29</value>
         <object_component_ref idref="oc-466"/>
      </symbol>
      <symbol id="sm-cd1">
         <name>ldexpl</name>
         <value>0x1d29</value>
         <object_component_ref idref="oc-466"/>
      </symbol>
      <symbol id="sm-cd2">
         <name>ldexp</name>
         <value>0x1d29</value>
         <object_component_ref idref="oc-466"/>
      </symbol>
      <symbol id="sm-cdc">
         <name>copysign</name>
         <value>0x4585</value>
         <object_component_ref idref="oc-5c1"/>
      </symbol>
      <symbol id="sm-cdd">
         <name>copysignl</name>
         <value>0x4585</value>
         <object_component_ref idref="oc-5c1"/>
      </symbol>
      <symbol id="sm-cf6">
         <name>wcslen</name>
         <value>0x472f</value>
         <object_component_ref idref="oc-315"/>
      </symbol>
      <symbol id="sm-d06">
         <name>__TI_doflush</name>
         <value>0x3c21</value>
         <object_component_ref idref="oc-4a3"/>
      </symbol>
      <symbol id="sm-d16">
         <name>__TI_cleanup</name>
         <value>0x4175</value>
         <object_component_ref idref="oc-6a2"/>
      </symbol>
      <symbol id="sm-d28">
         <name>fseek</name>
         <value>0x361d</value>
         <object_component_ref idref="oc-5dd"/>
      </symbol>
      <symbol id="sm-d32">
         <name>__aeabi_idiv0</name>
         <value>0x3bcf</value>
         <object_component_ref idref="oc-5a8"/>
      </symbol>
      <symbol id="sm-d33">
         <name>__aeabi_ldiv0</name>
         <value>0x3bcf</value>
         <object_component_ref idref="oc-5a8"/>
      </symbol>
      <symbol id="sm-d5b">
         <name>__TI_auto_init_nobinit_nopinit</name>
         <value>0x3ee5</value>
         <object_component_ref idref="oc-166"/>
      </symbol>
      <symbol id="sm-d65">
         <name>_system_pre_init</name>
         <value>0x48e7</value>
         <object_component_ref idref="oc-f0"/>
      </symbol>
      <symbol id="sm-d78">
         <name>HOSTclose</name>
         <value>0x3d91</value>
         <object_component_ref idref="oc-752"/>
      </symbol>
      <symbol id="sm-d89">
         <name>HOSTlseek</name>
         <value>0x33b1</value>
         <object_component_ref idref="oc-764"/>
      </symbol>
      <symbol id="sm-d9b">
         <name>parmbuf</name>
         <value>0x200087e8</value>
      </symbol>
      <symbol id="sm-d9c">
         <name>HOSTopen</name>
         <value>0x37a9</value>
         <object_component_ref idref="oc-74c"/>
      </symbol>
      <symbol id="sm-dad">
         <name>HOSTread</name>
         <value>0x3975</value>
         <object_component_ref idref="oc-758"/>
      </symbol>
      <symbol id="sm-dbe">
         <name>HOSTrename</name>
         <value>0x3271</value>
         <object_component_ref idref="oc-770"/>
      </symbol>
      <symbol id="sm-dcf">
         <name>HOSTunlink</name>
         <value>0x3dd5</value>
         <object_component_ref idref="oc-76a"/>
      </symbol>
      <symbol id="sm-de0">
         <name>HOSTwrite</name>
         <value>0x39cd</value>
         <object_component_ref idref="oc-75e"/>
      </symbol>
      <symbol id="sm-e04">
         <name>__TI_readmsg</name>
         <value>0x41a9</value>
         <object_component_ref idref="oc-7ea"/>
      </symbol>
      <symbol id="sm-e05">
         <name>C$$IO$$</name>
         <value>0x408f</value>
         <object_component_ref idref="oc-7e4"/>
      </symbol>
      <symbol id="sm-e06">
         <name>__CIOBUF_</name>
         <value>0x200084e0</value>
         <object_component_ref idref="oc-844"/>
      </symbol>
      <symbol id="sm-e07">
         <name>__TI_writemsg</name>
         <value>0x4061</value>
         <object_component_ref idref="oc-7e4"/>
      </symbol>
      <symbol id="sm-e18">
         <name>lseek</name>
         <value>0x4369</value>
         <object_component_ref idref="oc-69a"/>
      </symbol>
      <symbol id="sm-e2d">
         <name>__TI_closefile</name>
         <value>0x30ad</value>
         <object_component_ref idref="oc-740"/>
      </symbol>
      <symbol id="sm-e50">
         <name>finddevice</name>
         <value>0x4211</value>
         <object_component_ref idref="oc-877"/>
      </symbol>
      <symbol id="sm-e51">
         <name>getdevice</name>
         <value>0x3f29</value>
         <object_component_ref idref="oc-83a"/>
      </symbol>
      <symbol id="sm-e60">
         <name>strcmp</name>
         <value>0x4649</value>
         <object_component_ref idref="oc-891"/>
      </symbol>
      <symbol id="sm-e6e">
         <name>strcpy</name>
         <value>0x46f5</value>
         <object_component_ref idref="oc-7fe"/>
      </symbol>
      <symbol id="sm-e7e">
         <name>strncpy</name>
         <value>0x4109</value>
         <object_component_ref idref="oc-871"/>
      </symbol>
      <symbol id="sm-e93">
         <name>close</name>
         <value>0x3865</value>
         <object_component_ref idref="oc-7d3"/>
      </symbol>
      <symbol id="sm-ea3">
         <name>unlink</name>
         <value>0x4271</value>
         <object_component_ref idref="oc-7d9"/>
      </symbol>
      <symbol id="sm-ea4">
         <name>__TI_static_base__</name>
         <value>0x4ac0</value>
      </symbol>
      <symbol id="sm-ea7">
         <name>__mpu_init</name>
         <value>0x0</value>
      </symbol>
      <symbol id="sm-ea8">
         <name>_system_post_cinit</name>
         <value>0x0</value>
      </symbol>
      <symbol id="sm-ea9">
         <name>NoRTOS_start</name>
         <value>0x48c7</value>
      </symbol>
      <symbol id="sm-eaa">
         <name>remove</name>
         <value>0x4271</value>
      </symbol>
   </symbol_table>
   <title>Link successful</title>
</link_info>
